../Core/Src/main.c:123:5:main	8	static
../Core/Src/main.c:201:6:SystemClock_Config	104	static
../Core/Src/main.c:254:13:MX_ADC_Init	24	static
../Core/Src/main.c:308:13:MX_I2C1_Init	8	static
../Core/Src/main.c:356:13:MX_RTC_Init	32	static
../Core/Src/main.c:419:13:MX_TIM2_Init	32	static
../Core/Src/main.c:464:13:MX_USART1_UART_Init	8	static
../Core/Src/main.c:499:13:MX_GPIO_Init	56	static
../Core/Src/main.c:519:6:read_and_store_data	88	dynamic
../Core/Src/main.c:587:6:read_and_transmit_all_data	88	static
../Core/Src/main.c:613:6:HAL_GPIO_EXTI_Callback	16	static
../Core/Src/main.c:626:6:HAL_TIM_PeriodElapsedCallback	16	static
../Core/Src/main.c:640:6:Error_Handler	8	static,ignoring_inline_asm
