../Core/Src/main.c:126:5:main	8	static
../Core/Src/main.c:212:6:SystemClock_Config	104	static
../Core/Src/main.c:265:13:MX_ADC_Init	24	static
../Core/Src/main.c:319:13:MX_I2C1_Init	8	static
../Core/Src/main.c:367:13:MX_RTC_Init	32	static
../Core/Src/main.c:430:13:MX_TIM2_Init	32	static
../Core/Src/main.c:475:13:MX_USART1_UART_Init	8	static
../Core/Src/main.c:510:13:MX_GPIO_Init	56	static
../Core/Src/main.c:623:6:read_and_store_data	88	dynamic
../Core/Src/main.c:734:6:read_and_transmit_all_data	96	static
../Core/Src/main.c:777:6:HAL_GPIO_EXTI_Callback	16	static
../Core/Src/main.c:812:6:Error_Handler	8	static,ignoring_inline_asm
