Archive member included to satisfy reference by file (symbol)

c:/st/stm32cubeide_1.11.0/stm32cubeide/plugins/com.st.stm32cube.ide.mcu.externaltools.gnu-tools-for-stm32.10.3-2021.10.win32_1.0.100.202210260954/tools/bin/../lib/gcc/arm-none-eabi/10.3.1/../../../../arm-none-eabi/lib/thumb/v6-m/nofp\libc_nano.a(lib_a-errno.o)
                              ./Core/Src/syscalls.o (__errno)
c:/st/stm32cubeide_1.11.0/stm32cubeide/plugins/com.st.stm32cube.ide.mcu.externaltools.gnu-tools-for-stm32.10.3-2021.10.win32_1.0.100.202210260954/tools/bin/../lib/gcc/arm-none-eabi/10.3.1/../../../../arm-none-eabi/lib/thumb/v6-m/nofp\libc_nano.a(lib_a-exit.o)
                              c:/st/stm32cubeide_1.11.0/stm32cubeide/plugins/com.st.stm32cube.ide.mcu.externaltools.gnu-tools-for-stm32.10.3-2021.10.win32_1.0.100.202210260954/tools/bin/../lib/gcc/arm-none-eabi/10.3.1/../../../../arm-none-eabi/lib/thumb/v6-m/nofp/crt0.o (exit)
c:/st/stm32cubeide_1.11.0/stm32cubeide/plugins/com.st.stm32cube.ide.mcu.externaltools.gnu-tools-for-stm32.10.3-2021.10.win32_1.0.100.202210260954/tools/bin/../lib/gcc/arm-none-eabi/10.3.1/../../../../arm-none-eabi/lib/thumb/v6-m/nofp\libc_nano.a(lib_a-impure.o)
                              c:/st/stm32cubeide_1.11.0/stm32cubeide/plugins/com.st.stm32cube.ide.mcu.externaltools.gnu-tools-for-stm32.10.3-2021.10.win32_1.0.100.202210260954/tools/bin/../lib/gcc/arm-none-eabi/10.3.1/../../../../arm-none-eabi/lib/thumb/v6-m/nofp\libc_nano.a(lib_a-exit.o) (_global_impure_ptr)
c:/st/stm32cubeide_1.11.0/stm32cubeide/plugins/com.st.stm32cube.ide.mcu.externaltools.gnu-tools-for-stm32.10.3-2021.10.win32_1.0.100.202210260954/tools/bin/../lib/gcc/arm-none-eabi/10.3.1/../../../../arm-none-eabi/lib/thumb/v6-m/nofp\libc_nano.a(lib_a-init.o)
                              c:/st/stm32cubeide_1.11.0/stm32cubeide/plugins/com.st.stm32cube.ide.mcu.externaltools.gnu-tools-for-stm32.10.3-2021.10.win32_1.0.100.202210260954/tools/bin/../lib/gcc/arm-none-eabi/10.3.1/../../../../arm-none-eabi/lib/thumb/v6-m/nofp/crt0.o (__libc_init_array)
c:/st/stm32cubeide_1.11.0/stm32cubeide/plugins/com.st.stm32cube.ide.mcu.externaltools.gnu-tools-for-stm32.10.3-2021.10.win32_1.0.100.202210260954/tools/bin/../lib/gcc/arm-none-eabi/10.3.1/../../../../arm-none-eabi/lib/thumb/v6-m/nofp\libc_nano.a(lib_a-memset.o)
                              c:/st/stm32cubeide_1.11.0/stm32cubeide/plugins/com.st.stm32cube.ide.mcu.externaltools.gnu-tools-for-stm32.10.3-2021.10.win32_1.0.100.202210260954/tools/bin/../lib/gcc/arm-none-eabi/10.3.1/../../../../arm-none-eabi/lib/thumb/v6-m/nofp/crt0.o (memset)
c:/st/stm32cubeide_1.11.0/stm32cubeide/plugins/com.st.stm32cube.ide.mcu.externaltools.gnu-tools-for-stm32.10.3-2021.10.win32_1.0.100.202210260954/tools/bin/../lib/gcc/arm-none-eabi/10.3.1/../../../../arm-none-eabi/lib/thumb/v6-m/nofp\libc_nano.a(lib_a-sprintf.o)
                              ./Core/Src/main.o (sprintf)
c:/st/stm32cubeide_1.11.0/stm32cubeide/plugins/com.st.stm32cube.ide.mcu.externaltools.gnu-tools-for-stm32.10.3-2021.10.win32_1.0.100.202210260954/tools/bin/../lib/gcc/arm-none-eabi/10.3.1/../../../../arm-none-eabi/lib/thumb/v6-m/nofp\libc_nano.a(lib_a-strlen.o)
                              ./Core/Src/main.o (strlen)
c:/st/stm32cubeide_1.11.0/stm32cubeide/plugins/com.st.stm32cube.ide.mcu.externaltools.gnu-tools-for-stm32.10.3-2021.10.win32_1.0.100.202210260954/tools/bin/../lib/gcc/arm-none-eabi/10.3.1/../../../../arm-none-eabi/lib/thumb/v6-m/nofp\libc_nano.a(lib_a-nano-svfprintf.o)
                              c:/st/stm32cubeide_1.11.0/stm32cubeide/plugins/com.st.stm32cube.ide.mcu.externaltools.gnu-tools-for-stm32.10.3-2021.10.win32_1.0.100.202210260954/tools/bin/../lib/gcc/arm-none-eabi/10.3.1/../../../../arm-none-eabi/lib/thumb/v6-m/nofp\libc_nano.a(lib_a-sprintf.o) (_svfprintf_r)
c:/st/stm32cubeide_1.11.0/stm32cubeide/plugins/com.st.stm32cube.ide.mcu.externaltools.gnu-tools-for-stm32.10.3-2021.10.win32_1.0.100.202210260954/tools/bin/../lib/gcc/arm-none-eabi/10.3.1/../../../../arm-none-eabi/lib/thumb/v6-m/nofp\libc_nano.a(lib_a-nano-vfprintf_i.o)
                              c:/st/stm32cubeide_1.11.0/stm32cubeide/plugins/com.st.stm32cube.ide.mcu.externaltools.gnu-tools-for-stm32.10.3-2021.10.win32_1.0.100.202210260954/tools/bin/../lib/gcc/arm-none-eabi/10.3.1/../../../../arm-none-eabi/lib/thumb/v6-m/nofp\libc_nano.a(lib_a-nano-svfprintf.o) (_printf_i)
c:/st/stm32cubeide_1.11.0/stm32cubeide/plugins/com.st.stm32cube.ide.mcu.externaltools.gnu-tools-for-stm32.10.3-2021.10.win32_1.0.100.202210260954/tools/bin/../lib/gcc/arm-none-eabi/10.3.1/../../../../arm-none-eabi/lib/thumb/v6-m/nofp\libc_nano.a(lib_a-memchr-stub.o)
                              c:/st/stm32cubeide_1.11.0/stm32cubeide/plugins/com.st.stm32cube.ide.mcu.externaltools.gnu-tools-for-stm32.10.3-2021.10.win32_1.0.100.202210260954/tools/bin/../lib/gcc/arm-none-eabi/10.3.1/../../../../arm-none-eabi/lib/thumb/v6-m/nofp\libc_nano.a(lib_a-nano-svfprintf.o) (memchr)
[...]
Memory Configuration

Name             Origin             Length             Attributes
RAM              0x0000000020000000 0x0000000000002000 xrw
FLASH            0x0000000008000000 0x0000000000008000 xr
*default*        0x0000000000000000 0xffffffffffffffff

Linker script and memory map

LOAD c:/st/stm32cubeide_1.11.0/stm32cubeide/plugins/com.st.stm32cube.ide.mcu.externaltools.gnu-tools-for-stm32.10.3-2021.10.win32_1.0.100.202210260954/tools/bin/../lib/gcc/arm-none-eabi/10.3.1/thumb/v6-m/nofp/crti.o
LOAD c:/st/stm32cubeide_1.11.0/stm32cubeide/plugins/com.st.stm32cube.ide.mcu.externaltools.gnu-tools-for-stm32.10.3-2021.10.win32_1.0.100.202210260954/tools/bin/../lib/gcc/arm-none-eabi/10.3.1/thumb/v6-m/nofp/crtbegin.o
LOAD c:/st/stm32cubeide_1.11.0/stm32cubeide/plugins/com.st.stm32cube.ide.mcu.externaltools.gnu-tools-for-stm32.10.3-2021.10.win32_1.0.100.202210260954/tools/bin/../lib/gcc/arm-none-eabi/10.3.1/../../../../arm-none-eabi/lib/thumb/v6-m/nofp/crt0.o
LOAD ./Core/Src/EEPROM.o
LOAD ./Core/Src/ldr.o
LOAD ./Core/Src/ltr303als.o
LOAD ./Core/Src/main.o
LOAD ./Core/Src/rtc.o
LOAD ./Core/Src/stm32f0xx_hal_msp.o
LOAD ./Core/Src/stm32f0xx_it.o
LOAD ./Core/Src/syscalls.o
LOAD ./Core/Src/sysmem.o
LOAD ./Core/Src/system_stm32f0xx.o
LOAD ./Core/Src/tmp102.o
LOAD ./Core/Startup/startup_stm32f051c6tx.o
LOAD ./Drivers/STM32F0xx_HAL_Driver/Src/stm32f0xx_hal.o
LOAD ./Drivers/STM32F0xx_HAL_Driver/Src/stm32f0xx_hal_adc.o
LOAD ./Drivers/STM32F0xx_HAL_Driver/Src/stm32f0xx_hal_adc_ex.o
LOAD ./Drivers/STM32F0xx_HAL_Driver/Src/stm32f0xx_hal_cortex.o
LOAD ./Drivers/STM32F0xx_HAL_Driver/Src/stm32f0xx_hal_dma.o
LOAD ./Drivers/STM32F0xx_HAL_Driver/Src/stm32f0xx_hal_exti.o
LOAD ./Drivers/STM32F0xx_HAL_Driver/Src/stm32f0xx_hal_flash.o
LOAD ./Drivers/STM32F0xx_HAL_Driver/Src/stm32f0xx_hal_flash_ex.o
LOAD ./Drivers/STM32F0xx_HAL_Driver/Src/stm32f0xx_hal_gpio.o
LOAD ./Drivers/STM32F0xx_HAL_Driver/Src/stm32f0xx_hal_i2c.o
LOAD ./Drivers/STM32F0xx_HAL_Driver/Src/stm32f0xx_hal_i2c_ex.o
LOAD ./Drivers/STM32F0xx_HAL_Driver/Src/stm32f0xx_hal_pwr.o
LOAD ./Drivers/STM32F0xx_HAL_Driver/Src/stm32f0xx_hal_pwr_ex.o
LOAD ./Drivers/STM32F0xx_HAL_Driver/Src/stm32f0xx_hal_rcc.o
LOAD ./Drivers/STM32F0xx_HAL_Driver/Src/stm32f0xx_hal_rcc_ex.o
LOAD ./Drivers/STM32F0xx_HAL_Driver/Src/stm32f0xx_hal_rtc.o
LOAD ./Drivers/STM32F0xx_HAL_Driver/Src/stm32f0xx_hal_rtc_ex.o
LOAD ./Drivers/STM32F0xx_HAL_Driver/Src/stm32f0xx_hal_tim.o
LOAD ./Drivers/STM32F0xx_HAL_Driver/Src/stm32f0xx_hal_tim_ex.o
LOAD ./Drivers/STM32F0xx_HAL_Driver/Src/stm32f0xx_hal_uart.o
LOAD ./Drivers/STM32F0xx_HAL_Driver/Src/stm32f0xx_hal_uart_ex.o
START GROUP
LOAD c:/st/stm32cubeide_1.11.0/stm32cubeide/plugins/com.st.stm32cube.ide.mcu.externaltools.gnu-tools-for-stm32.10.3-2021.10.win32_1.0.100.202210260954/tools/bin/../lib/gcc/arm-none-eabi/10.3.1/../../../../arm-none-eabi/lib/thumb/v6-m/nofp\libc_nano.a
LOAD c:/st/stm32cubeide_1.11.0/stm32cubeide/plugins/com.st.stm32cube.ide.mcu.externaltools.gnu-tools-for-stm32.10.3-2021.10.win32_1.0.100.202210260954/tools/bin/../lib/gcc/arm-none-eabi/10.3.1/../../../../arm-none-eabi/lib/thumb/v6-m/nofp\libm.a
END GROUP
START GROUP
LOAD c:/st/stm32cubeide_1.11.0/stm32cubeide/plugins/com.st.stm32cube.ide.mcu.externaltools.gnu-tools-for-stm32.10.3-2021.10.win32_1.0.100.202210260954/tools/bin/../lib/gcc/arm-none-eabi/10.3.1/thumb/v6-m/nofp\libgcc.a
LOAD c:/st/stm32cubeide_1.11.0/stm32cubeide/plugins/com.st.stm32cube.ide.mcu.externaltools.gnu-tools-for-stm32.10.3-2021.10.win32_1.0.100.202210260954/tools/bin/../lib/gcc/arm-none-eabi/10.3.1/../../../../arm-none-eabi/lib/thumb/v6-m/nofp\libc_nano.a
END GROUP
START GROUP
LOAD c:/st/stm32cubeide_1.11.0/stm32cubeide/plugins/com.st.stm32cube.ide.mcu.externaltools.gnu-tools-for-stm32.10.3-2021.10.win32_1.0.100.202210260954/tools/bin/../lib/gcc/arm-none-eabi/10.3.1/thumb/v6-m/nofp\libgcc.a
LOAD c:/st/stm32cubeide_1.11.0/stm32cubeide/plugins/com.st.stm32cube.ide.mcu.externaltools.gnu-tools-for-stm32.10.3-2021.10.win32_1.0.100.202210260954/tools/bin/../lib/gcc/arm-none-eabi/10.3.1/../../../../arm-none-eabi/lib/thumb/v6-m/nofp\libc_nano.a
LOAD c:/st/stm32cubeide_1.11.0/stm32cubeide/plugins/com.st.stm32cube.ide.mcu.externaltools.gnu-tools-for-stm32.10.3-2021.10.win32_1.0.100.202210260954/tools/bin/../lib/gcc/arm-none-eabi/10.3.1/../../../../arm-none-eabi/lib/thumb/v6-m/nofp\libnosys.a
END GROUP
START GROUP
LOAD c:/st/stm32cubeide_1.11.0/stm32cubeide/plugins/com.st.stm32cube.ide.mcu.externaltools.gnu-tools-for-stm32.10.3-2021.10.win32_1.0.100.202210260954/tools/bin/../lib/gcc/arm-none-eabi/10.3.1/thumb/v6-m/nofp\libgcc.a
LOAD c:/st/stm32cubeide_1.11.0/stm32cubeide/plugins/com.st.stm32cube.ide.mcu.externaltools.gnu-tools-for-stm32.10.3-2021.10.win32_1.0.100.202210260954/tools/bin/../lib/gcc/arm-none-eabi/10.3.1/../../../../arm-none-eabi/lib/thumb/v6-m/nofp\libc_nano.a
LOAD c:/st/stm32cubeide_1.11.0/stm32cubeide/plugins/com.st.stm32cube.ide.mcu.externaltools.gnu-tools-for-stm32.10.3-2021.10.win32_1.0.100.202210260954/tools/bin/../lib/gcc/arm-none-eabi/10.3.1/../../../../arm-none-eabi/lib/thumb/v6-m/nofp\libnosys.a
END GROUP
LOAD c:/st/stm32cubeide_1.11.0/stm32cubeide/plugins/com.st.stm32cube.ide.mcu.externaltools.gnu-tools-for-stm32.10.3-2021.10.win32_1.0.100.202210260954/tools/bin/../lib/gcc/arm-none-eabi/10.3.1/thumb/v6-m/nofp/crtend.o
LOAD c:/st/stm32cubeide_1.11.0/stm32cubeide/plugins/com.st.stm32cube.ide.mcu.externaltools.gnu-tools-for-stm32.10.3-2021.10.win32_1.0.100.202210260954/tools/bin/../lib/gcc/arm-none-eabi/10.3.1/thumb/v6-m/nofp/crtn.o
                0x0000000020002000                _estack = (ORIGIN (RAM) + LENGTH (RAM))
                0x0000000000000200                _Min_Heap_Size = 0x200
                0x0000000000000400                _Min_Stack_Size = 0x400

.isr_vector     0x0000000008000000       0xc0
                0x0000000008000000                . = ALIGN (0x4)
 *(.isr_vector)
 .isr_vector    0x0000000008000000       0xc0 ./Core/Startup/startup_stm32f051c6tx.o
                0x0000000008000000                g_pfnVectors
                0x00000000080000c0                . = ALIGN (0x4)

.text           0x00000000080000c0     0x6634
                0x00000000080000c0                . = ALIGN (0x4)
 *(.text)
 .text          0x00000000080000c0       0x48 c:/st/stm32cubeide_1.11.0/stm32cubeide/plugins/com.st.stm32cube.ide.mcu.externaltools.gnu-tools-for-stm32.10.3-2021.10.win32_1.0.100.202210260954/tools/bin/../lib/gcc/arm-none-eabi/10.3.1/thumb/v6-m/nofp/crtbegin.o
 .text          0x0000000008000108        0xe c:/st/stm32cubeide_1.11.0/stm32cubeide/plugins/com.st.stm32cube.ide.mcu.externaltools.gnu-tools-for-stm32.10.3-2021.10.win32_1.0.100.202210260954/tools/bin/../lib/gcc/arm-none-eabi/10.3.1/../../../../arm-none-eabi/lib/thumb/v6-m/nofp\libc_nano.a(lib_a-strlen.o)
                0x0000000008000108                strlen
 *fill*         0x0000000008000116        0x2 
 .text          0x0000000008000118       0x14 c:/st/stm32cubeide_1.11.0/stm32cubeide/plugins/com.st.stm32cube.ide.mcu.externaltools.gnu-tools-for-stm32.10.3-2021.10.win32_1.0.100.202210260954/tools/bin/../lib/gcc/arm-none-eabi/10.3.1/thumb/v6-m/nofp\libgcc.a(_thumb1_case_shi.o)
                0x0000000008000118                __gnu_thumb1_case_shi
 .text          0x000000000800012c      0x114 c:/st/stm32cubeide_1.11.0/stm32cubeide/plugins/com.st.stm32cube.ide.mcu.externaltools.gnu-tools-for-stm32.10.3-2021.10.win32_1.0.100.202210260954/tools/bin/../lib/gcc/arm-none-eabi/10.3.1/thumb/v6-m/nofp\libgcc.a(_udivsi3.o)
                0x000000000800012c                __aeabi_uidiv
                0x000000000800012c                __udivsi3
                0x0000000008000238                __aeabi_uidivmod
 .text          0x0000000008000240        0x4 c:/st/stm32cubeide_1.11.0/stm32cubeide/plugins/com.st.stm32cube.ide.mcu.externaltools.gnu-tools-for-stm32.10.3-2021.10.win32_1.0.100.202210260954/tools/bin/../lib/gcc/arm-none-eabi/10.3.1/thumb/v6-m/nofp\libgcc.a(_dvmd_tls.o)
                0x0000000008000240                __aeabi_idiv0
                0x0000000008000240                __aeabi_ldiv0
 .text          0x0000000008000244      0x33c c:/st/stm32cubeide_1.11.0/stm32cubeide/plugins/com.st.stm32cube.ide.mcu.externaltools.gnu-tools-for-stm32.10.3-2021.10.win32_1.0.100.202210260954/tools/bin/../lib/gcc/arm-none-eabi/10.3.1/thumb/v6-m/nofp\libgcc.a(addsf3.o)
                0x0000000008000244                __aeabi_fadd
 .text          0x0000000008000580      0x24c c:/st/stm32cubeide_1.11.0/stm32cubeide/plugins/com.st.stm32cube.ide.mcu.externaltools.gnu-tools-for-stm32.10.3-2021.10.win32_1.0.100.202210260954/tools/bin/../lib/gcc/arm-none-eabi/10.3.1/thumb/v6-m/nofp\libgcc.a(mulsf3.o)
                0x0000000008000580                __aeabi_fmul
 .text          0x00000000080007cc      0x35c c:/st/stm32cubeide_1.11.0/stm32cubeide/plugins/com.st.stm32cube.ide.mcu.externaltools.gnu-tools-for-stm32.10.3-2021.10.win32_1.0.100.202210260954/tools/bin/../lib/gcc/arm-none-eabi/10.3.1/thumb/v6-m/nofp\libgcc.a(subsf3.o)
                0x00000000080007cc                __aeabi_fsub
 .text          0x0000000008000b28       0x40 c:/st/stm32cubeide_1.11.0/stm32cubeide/plugins/com.st.stm32cube.ide.mcu.externaltools.gnu-tools-for-stm32.10.3-2021.10.win32_1.0.100.202210260954/tools/bin/../lib/gcc/arm-none-eabi/10.3.1/thumb/v6-m/nofp\libgcc.a(fixsfsi.o)
                0x0000000008000b28                __aeabi_f2iz
 .text          0x0000000008000b68       0x9c c:/st/stm32cubeide_1.11.0/stm32cubeide/plugins/com.st.stm32cube.ide.mcu.externaltools.gnu-tools-for-stm32.10.3-2021.10.win32_1.0.100.202210260954/tools/bin/../lib/gcc/arm-none-eabi/10.3.1/thumb/v6-m/nofp\libgcc.a(floatsisf.o)
                0x0000000008000b68                __aeabi_i2f
 .text          0x0000000008000c04       0x84 c:/st/stm32cubeide_1.11.0/stm32cubeide/plugins/com.st.stm32cube.ide.mcu.externaltools.gnu-tools-for-stm32.10.3-2021.10.win32_1.0.100.202210260954/tools/bin/../lib/gcc/arm-none-eabi/10.3.1/thumb/v6-m/nofp\libgcc.a(floatunsisf.o)
                0x0000000008000c04                __aeabi_ui2f
 .text          0x0000000008000c88       0x3c c:/st/stm32cubeide_1.11.0/stm32cubeide/plugins/com.st.stm32cube.ide.mcu.externaltools.gnu-tools-for-stm32.10.3-2021.10.win32_1.0.100.202210260954/tools/bin/../lib/gcc/arm-none-eabi/10.3.1/thumb/v6-m/nofp\libgcc.a(_clzsi2.o)
                0x0000000008000c88                __clzsi2
 *(.text*)
 .text.bytestowrite
                0x0000000008000cc4       0x38 ./Core/Src/EEPROM.o
 .text.EEPROM_Write
                0x0000000008000cfc      0x130 ./Core/Src/EEPROM.o
                0x0000000008000cfc                EEPROM_Write
 .text.EEPROM_Read
                0x0000000008000e2c      0x128 ./Core/Src/EEPROM.o
                0x0000000008000e2c                EEPROM_Read
 .text.EEPROM_PageErase
                0x0000000008000f54       0x5c ./Core/Src/EEPROM.o
                0x0000000008000f54                EEPROM_PageErase
 .text.LDR_Init
                0x0000000008000fb0       0x28 ./Core/Src/ldr.o
                0x0000000008000fb0                LDR_Init
 .text.LDR_ReadADC
                0x0000000008000fd8       0x3c ./Core/Src/ldr.o
                0x0000000008000fd8                LDR_ReadADC
 .text.LDR_ReadAnalogLightIntensity
                0x0000000008001014       0x4c ./Core/Src/ldr.o
                0x0000000008001014                LDR_ReadAnalogLightIntensity
 .text.main     0x0000000008001060       0xc0 ./Core/Src/main.o
                0x0000000008001060                main
 .text.SystemClock_Config
                0x0000000008001120       0xe8 ./Core/Src/main.o
                0x0000000008001120                SystemClock_Config
 .text.MX_ADC_Init
                0x0000000008001208       0xb8 ./Core/Src/main.o
 .text.MX_I2C1_Init
                0x00000000080012c0       0x80 ./Core/Src/main.o
 .text.MX_RTC_Init
                0x0000000008001340       0xc4 ./Core/Src/main.o
 .text.MX_TIM2_Init
                0x0000000008001404       0xac ./Core/Src/main.o
 .text.MX_USART1_UART_Init
                0x00000000080014b0       0x60 ./Core/Src/main.o
 .text.MX_GPIO_Init
                0x0000000008001510       0xfc ./Core/Src/main.o
 .text.read_and_store_data
                0x000000000800160c      0x2b0 ./Core/Src/main.o
                0x000000000800160c                read_and_store_data
 .text.read_and_transmit_all_data
                0x00000000080018bc       0x8c ./Core/Src/main.o
                0x00000000080018bc                read_and_transmit_all_data
 .text.HAL_GPIO_EXTI_Callback
                0x0000000008001948       0x28 ./Core/Src/main.o
                0x0000000008001948                HAL_GPIO_EXTI_Callback
 .text.Error_Handler
                0x0000000008001970        0xa ./Core/Src/main.o
                0x0000000008001970                Error_Handler
 .text.RTC_SetTime
                0x000000000800197a       0x6c ./Core/Src/rtc.o
                0x000000000800197a                RTC_SetTime
 .text.RTC_GetTime
                0x00000000080019e6       0x60 ./Core/Src/rtc.o
                0x00000000080019e6                RTC_GetTime
 .text.RTC_SetDate
                0x0000000008001a46       0x54 ./Core/Src/rtc.o
                0x0000000008001a46                RTC_SetDate
 .text.RTC_GetDate
                0x0000000008001a9a       0x44 ./Core/Src/rtc.o
                0x0000000008001a9a                RTC_GetDate
 *fill*         0x0000000008001ade        0x2 
 .text.HAL_MspInit
                0x0000000008001ae0       0x48 ./Core/Src/stm32f0xx_hal_msp.o
                0x0000000008001ae0                HAL_MspInit
 .text.HAL_ADC_MspInit
                0x0000000008001b28       0x8c ./Core/Src/stm32f0xx_hal_msp.o
                0x0000000008001b28                HAL_ADC_MspInit
 .text.HAL_I2C_MspInit
                0x0000000008001bb4       0x9c ./Core/Src/stm32f0xx_hal_msp.o
                0x0000000008001bb4                HAL_I2C_MspInit
 .text.HAL_RTC_MspInit
                0x0000000008001c50       0x30 ./Core/Src/stm32f0xx_hal_msp.o
                0x0000000008001c50                HAL_RTC_MspInit
 .text.HAL_TIM_Base_MspInit
                0x0000000008001c80       0x48 ./Core/Src/stm32f0xx_hal_msp.o
                0x0000000008001c80                HAL_TIM_Base_MspInit
 .text.HAL_UART_MspInit
                0x0000000008001cc8       0x9c ./Core/Src/stm32f0xx_hal_msp.o
                0x0000000008001cc8                HAL_UART_MspInit
 .text.NMI_Handler
                0x0000000008001d64        0x6 ./Core/Src/stm32f0xx_it.o
                0x0000000008001d64                NMI_Handler
 .text.HardFault_Handler
                0x0000000008001d6a        0x6 ./Core/Src/stm32f0xx_it.o
                0x0000000008001d6a                HardFault_Handler
 .text.SVC_Handler
                0x0000000008001d70        0xa ./Core/Src/stm32f0xx_it.o
                0x0000000008001d70                SVC_Handler
 .text.PendSV_Handler
                0x0000000008001d7a        0xa ./Core/Src/stm32f0xx_it.o
                0x0000000008001d7a                PendSV_Handler
 .text.SysTick_Handler
                0x0000000008001d84        0xe ./Core/Src/stm32f0xx_it.o
                0x0000000008001d84                SysTick_Handler
 .text.EXTI0_1_IRQHandler
                0x0000000008001d92       0x10 ./Core/Src/stm32f0xx_it.o
                0x0000000008001d92                EXTI0_1_IRQHandler
 .text.EXTI4_15_IRQHandler
                0x0000000008001da2       0x14 ./Core/Src/stm32f0xx_it.o
                0x0000000008001da2                EXTI4_15_IRQHandler
 *fill*         0x0000000008001db6        0x2 
 .text.TIM2_IRQHandler
                0x0000000008001db8       0x18 ./Core/Src/stm32f0xx_it.o
                0x0000000008001db8                TIM2_IRQHandler
 .text._sbrk    0x0000000008001dd0       0x6c ./Core/Src/sysmem.o
                0x0000000008001dd0                _sbrk
 .text.SystemInit
                0x0000000008001e3c        0xa ./Core/Src/system_stm32f0xx.o
                0x0000000008001e3c                SystemInit
 *fill*         0x0000000008001e46        0x2 
 .text.TMP102_Init
                0x0000000008001e48       0x64 ./Core/Src/tmp102.o
                0x0000000008001e48                TMP102_Init
 .text.TMP102_ReadTemperature
                0x0000000008001eac       0x74 ./Core/Src/tmp102.o
                0x0000000008001eac                TMP102_ReadTemperature
 .text.Reset_Handler
                0x0000000008001f20       0x50 ./Core/Startup/startup_stm32f051c6tx.o
                0x0000000008001f20                Reset_Handler
 .text.Default_Handler
                0x0000000008001f70        0x2 ./Core/Startup/startup_stm32f051c6tx.o
                0x0000000008001f70                TIM1_CC_IRQHandler
                0x0000000008001f70                TSC_IRQHandler
                0x0000000008001f70                ADC1_COMP_IRQHandler
                0x0000000008001f70                PVD_IRQHandler
                0x0000000008001f70                I2C1_IRQHandler
                0x0000000008001f70                RCC_CRS_IRQHandler
                0x0000000008001f70                SPI1_IRQHandler
                0x0000000008001f70                TIM6_DAC_IRQHandler
                0x0000000008001f70                EXTI2_3_IRQHandler
                0x0000000008001f70                I2C2_IRQHandler
                0x0000000008001f70                TIM17_IRQHandler
                0x0000000008001f70                CEC_CAN_IRQHandler
                0x0000000008001f70                RTC_IRQHandler
                0x0000000008001f70                TIM16_IRQHandler
                0x0000000008001f70                TIM3_IRQHandler
                0x0000000008001f70                DMA1_Channel1_IRQHandler
                0x0000000008001f70                Default_Handler
                0x0000000008001f70                TIM14_IRQHandler
                0x0000000008001f70                DMA1_Channel4_5_IRQHandler
                0x0000000008001f70                TIM15_IRQHandler
                0x0000000008001f70                SPI2_IRQHandler
                0x0000000008001f70                WWDG_IRQHandler
                0x0000000008001f70                DMA1_Channel2_3_IRQHandler
                0x0000000008001f70                USART2_IRQHandler
                0x0000000008001f70                FLASH_IRQHandler
                0x0000000008001f70                USART1_IRQHandler
                0x0000000008001f70                TIM1_BRK_UP_TRG_COM_IRQHandler
 *fill*         0x0000000008001f72        0x2 
 .text.HAL_Init
                0x0000000008001f74       0x28 ./Drivers/STM32F0xx_HAL_Driver/Src/stm32f0xx_hal.o
                0x0000000008001f74                HAL_Init
 .text.HAL_InitTick
                0x0000000008001f9c       0x68 ./Drivers/STM32F0xx_HAL_Driver/Src/stm32f0xx_hal.o
                0x0000000008001f9c                HAL_InitTick
 .text.HAL_IncTick
                0x0000000008002004       0x24 ./Drivers/STM32F0xx_HAL_Driver/Src/stm32f0xx_hal.o
                0x0000000008002004                HAL_IncTick
 .text.HAL_GetTick
                0x0000000008002028       0x14 ./Drivers/STM32F0xx_HAL_Driver/Src/stm32f0xx_hal.o
                0x0000000008002028                HAL_GetTick
 .text.HAL_Delay
                0x000000000800203c       0x48 ./Drivers/STM32F0xx_HAL_Driver/Src/stm32f0xx_hal.o
                0x000000000800203c                HAL_Delay
 .text.HAL_ADC_Init
                0x0000000008002084      0x280 ./Drivers/STM32F0xx_HAL_Driver/Src/stm32f0xx_hal_adc.o
                0x0000000008002084                HAL_ADC_Init
 .text.HAL_ADC_Start
                0x0000000008002304       0xa8 ./Drivers/STM32F0xx_HAL_Driver/Src/stm32f0xx_hal_adc.o
                0x0000000008002304                HAL_ADC_Start
 .text.HAL_ADC_Stop
                0x00000000080023ac       0x80 ./Drivers/STM32F0xx_HAL_Driver/Src/stm32f0xx_hal_adc.o
                0x00000000080023ac                HAL_ADC_Stop
 .text.HAL_ADC_PollForConversion
                0x000000000800242c      0x130 ./Drivers/STM32F0xx_HAL_Driver/Src/stm32f0xx_hal_adc.o
                0x000000000800242c                HAL_ADC_PollForConversion
 .text.HAL_ADC_GetValue
                0x000000000800255c       0x16 ./Drivers/STM32F0xx_HAL_Driver/Src/stm32f0xx_hal_adc.o
                0x000000000800255c                HAL_ADC_GetValue
 *fill*         0x0000000008002572        0x2 
 .text.HAL_ADC_ConfigChannel
                0x0000000008002574      0x21c ./Drivers/STM32F0xx_HAL_Driver/Src/stm32f0xx_hal_adc.o
                0x0000000008002574                HAL_ADC_ConfigChannel
 .text.ADC_Enable
                0x0000000008002790      0x108 ./Drivers/STM32F0xx_HAL_Driver/Src/stm32f0xx_hal_adc.o
 .text.ADC_Disable
                0x0000000008002898       0xe2 ./Drivers/STM32F0xx_HAL_Driver/Src/stm32f0xx_hal_adc.o
 .text.ADC_ConversionStop
                0x000000000800297a       0x98 ./Drivers/STM32F0xx_HAL_Driver/Src/stm32f0xx_hal_adc.o
 *fill*         0x0000000008002a12        0x2 
 .text.__NVIC_EnableIRQ
                0x0000000008002a14       0x34 ./Drivers/STM32F0xx_HAL_Driver/Src/stm32f0xx_hal_cortex.o
 .text.__NVIC_SetPriority
                0x0000000008002a48       0xdc ./Drivers/STM32F0xx_HAL_Driver/Src/stm32f0xx_hal_cortex.o
 .text.SysTick_Config
                0x0000000008002b24       0x48 ./Drivers/STM32F0xx_HAL_Driver/Src/stm32f0xx_hal_cortex.o
 .text.HAL_NVIC_SetPriority
                0x0000000008002b6c       0x2a ./Drivers/STM32F0xx_HAL_Driver/Src/stm32f0xx_hal_cortex.o
                0x0000000008002b6c                HAL_NVIC_SetPriority
 .text.HAL_NVIC_EnableIRQ
                0x0000000008002b96       0x20 ./Drivers/STM32F0xx_HAL_Driver/Src/stm32f0xx_hal_cortex.o
                0x0000000008002b96                HAL_NVIC_EnableIRQ
 .text.HAL_SYSTICK_Config
                0x0000000008002bb6       0x1a ./Drivers/STM32F0xx_HAL_Driver/Src/stm32f0xx_hal_cortex.o
                0x0000000008002bb6                HAL_SYSTICK_Config
 .text.HAL_GPIO_Init
                0x0000000008002bd0      0x2e0 ./Drivers/STM32F0xx_HAL_Driver/Src/stm32f0xx_hal_gpio.o
                0x0000000008002bd0                HAL_GPIO_Init
 .text.HAL_GPIO_EXTI_IRQHandler
                0x0000000008002eb0       0x38 ./Drivers/STM32F0xx_HAL_Driver/Src/stm32f0xx_hal_gpio.o
                0x0000000008002eb0                HAL_GPIO_EXTI_IRQHandler
 .text.HAL_I2C_Init
                0x0000000008002ee8      0x12c ./Drivers/STM32F0xx_HAL_Driver/Src/stm32f0xx_hal_i2c.o
                0x0000000008002ee8                HAL_I2C_Init
 .text.HAL_I2C_Mem_Write
                0x0000000008003014      0x25c ./Drivers/STM32F0xx_HAL_Driver/Src/stm32f0xx_hal_i2c.o
                0x0000000008003014                HAL_I2C_Mem_Write
 .text.HAL_I2C_Mem_Read
                0x0000000008003270      0x268 ./Drivers/STM32F0xx_HAL_Driver/Src/stm32f0xx_hal_i2c.o
                0x0000000008003270                HAL_I2C_Mem_Read
 .text.I2C_RequestMemoryWrite
                0x00000000080034d8       0xc8 ./Drivers/STM32F0xx_HAL_Driver/Src/stm32f0xx_hal_i2c.o
 .text.I2C_RequestMemoryRead
                0x00000000080035a0       0xc4 ./Drivers/STM32F0xx_HAL_Driver/Src/stm32f0xx_hal_i2c.o
 .text.I2C_Flush_TXDR
                0x0000000008003664       0x44 ./Drivers/STM32F0xx_HAL_Driver/Src/stm32f0xx_hal_i2c.o
 .text.I2C_WaitOnFlagUntilTimeout
                0x00000000080036a8       0x9c ./Drivers/STM32F0xx_HAL_Driver/Src/stm32f0xx_hal_i2c.o
 .text.I2C_WaitOnTXISFlagUntilTimeout
                0x0000000008003744       0x8c ./Drivers/STM32F0xx_HAL_Driver/Src/stm32f0xx_hal_i2c.o
 .text.I2C_WaitOnSTOPFlagUntilTimeout
                0x00000000080037d0       0x86 ./Drivers/STM32F0xx_HAL_Driver/Src/stm32f0xx_hal_i2c.o
 *fill*         0x0000000008003856        0x2 
 .text.I2C_IsErrorOccurred
                0x0000000008003858      0x200 ./Drivers/STM32F0xx_HAL_Driver/Src/stm32f0xx_hal_i2c.o
 .text.I2C_TransferConfig
                0x0000000008003a58       0x74 ./Drivers/STM32F0xx_HAL_Driver/Src/stm32f0xx_hal_i2c.o
 .text.HAL_I2CEx_ConfigAnalogFilter
                0x0000000008003acc       0x98 ./Drivers/STM32F0xx_HAL_Driver/Src/stm32f0xx_hal_i2c_ex.o
                0x0000000008003acc                HAL_I2CEx_ConfigAnalogFilter
 .text.HAL_I2CEx_ConfigDigitalFilter
                0x0000000008003b64       0x98 ./Drivers/STM32F0xx_HAL_Driver/Src/stm32f0xx_hal_i2c_ex.o
                0x0000000008003b64                HAL_I2CEx_ConfigDigitalFilter
 .text.HAL_RCC_OscConfig
                0x0000000008003bfc      0x634 ./Drivers/STM32F0xx_HAL_Driver/Src/stm32f0xx_hal_rcc.o
                0x0000000008003bfc                HAL_RCC_OscConfig
 .text.HAL_RCC_ClockConfig
                0x0000000008004230      0x19c ./Drivers/STM32F0xx_HAL_Driver/Src/stm32f0xx_hal_rcc.o
                0x0000000008004230                HAL_RCC_ClockConfig
 .text.HAL_RCC_GetSysClockFreq
                0x00000000080043cc       0xac ./Drivers/STM32F0xx_HAL_Driver/Src/stm32f0xx_hal_rcc.o
                0x00000000080043cc                HAL_RCC_GetSysClockFreq
 .text.HAL_RCC_GetHCLKFreq
                0x0000000008004478       0x14 ./Drivers/STM32F0xx_HAL_Driver/Src/stm32f0xx_hal_rcc.o
                0x0000000008004478                HAL_RCC_GetHCLKFreq
 .text.HAL_RCC_GetPCLK1Freq
                0x000000000800448c       0x2c ./Drivers/STM32F0xx_HAL_Driver/Src/stm32f0xx_hal_rcc.o
                0x000000000800448c                HAL_RCC_GetPCLK1Freq
 .text.HAL_RCCEx_PeriphCLKConfig
                0x00000000080044b8      0x1bc ./Drivers/STM32F0xx_HAL_Driver/Src/stm32f0xx_hal_rcc_ex.o
                0x00000000080044b8                HAL_RCCEx_PeriphCLKConfig
 .text.HAL_RTC_Init
                0x0000000008004674      0x130 ./Drivers/STM32F0xx_HAL_Driver/Src/stm32f0xx_hal_rtc.o
                0x0000000008004674                HAL_RTC_Init
 .text.HAL_RTC_SetTime
                0x00000000080047a4      0x14c ./Drivers/STM32F0xx_HAL_Driver/Src/stm32f0xx_hal_rtc.o
                0x00000000080047a4                HAL_RTC_SetTime
 .text.HAL_RTC_GetTime
                0x00000000080048f0       0xbc ./Drivers/STM32F0xx_HAL_Driver/Src/stm32f0xx_hal_rtc.o
                0x00000000080048f0                HAL_RTC_GetTime
 .text.HAL_RTC_SetDate
                0x00000000080049ac      0x120 ./Drivers/STM32F0xx_HAL_Driver/Src/stm32f0xx_hal_rtc.o
                0x00000000080049ac                HAL_RTC_SetDate
 .text.HAL_RTC_GetDate
                0x0000000008004acc       0xa0 ./Drivers/STM32F0xx_HAL_Driver/Src/stm32f0xx_hal_rtc.o
                0x0000000008004acc                HAL_RTC_GetDate
 .text.HAL_RTC_WaitForSynchro
                0x0000000008004b6c       0x50 ./Drivers/STM32F0xx_HAL_Driver/Src/stm32f0xx_hal_rtc.o
                0x0000000008004b6c                HAL_RTC_WaitForSynchro
 .text.RTC_EnterInitMode
                0x0000000008004bbc       0x86 ./Drivers/STM32F0xx_HAL_Driver/Src/stm32f0xx_hal_rtc.o
                0x0000000008004bbc                RTC_EnterInitMode
 .text.RTC_ExitInitMode
                0x0000000008004c42       0x52 ./Drivers/STM32F0xx_HAL_Driver/Src/stm32f0xx_hal_rtc.o
                0x0000000008004c42                RTC_ExitInitMode
 .text.RTC_ByteToBcd2
                0x0000000008004c94       0x42 ./Drivers/STM32F0xx_HAL_Driver/Src/stm32f0xx_hal_rtc.o
                0x0000000008004c94                RTC_ByteToBcd2
 .text.RTC_Bcd2ToByte
                0x0000000008004cd6       0x3e ./Drivers/STM32F0xx_HAL_Driver/Src/stm32f0xx_hal_rtc.o
                0x0000000008004cd6                RTC_Bcd2ToByte
 .text.HAL_TIM_Base_Init
                0x0000000008004d14       0xa0 ./Drivers/STM32F0xx_HAL_Driver/Src/stm32f0xx_hal_tim.o
                0x0000000008004d14                HAL_TIM_Base_Init
 .text.HAL_TIM_IRQHandler
                0x0000000008004db4      0x22c ./Drivers/STM32F0xx_HAL_Driver/Src/stm32f0xx_hal_tim.o
                0x0000000008004db4                HAL_TIM_IRQHandler
 .text.HAL_TIM_ConfigClockSource
                0x0000000008004fe0      0x1a8 ./Drivers/STM32F0xx_HAL_Driver/Src/stm32f0xx_hal_tim.o
                0x0000000008004fe0                HAL_TIM_ConfigClockSource
 .text.HAL_TIM_PeriodElapsedCallback
                0x0000000008005188       0x10 ./Drivers/STM32F0xx_HAL_Driver/Src/stm32f0xx_hal_tim.o
                0x0000000008005188                HAL_TIM_PeriodElapsedCallback
 .text.HAL_TIM_OC_DelayElapsedCallback
                0x0000000008005198       0x10 ./Drivers/STM32F0xx_HAL_Driver/Src/stm32f0xx_hal_tim.o
                0x0000000008005198                HAL_TIM_OC_DelayElapsedCallback
 .text.HAL_TIM_IC_CaptureCallback
                0x00000000080051a8       0x10 ./Drivers/STM32F0xx_HAL_Driver/Src/stm32f0xx_hal_tim.o
                0x00000000080051a8                HAL_TIM_IC_CaptureCallback
 .text.HAL_TIM_PWM_PulseFinishedCallback
                0x00000000080051b8       0x10 ./Drivers/STM32F0xx_HAL_Driver/Src/stm32f0xx_hal_tim.o
                0x00000000080051b8                HAL_TIM_PWM_PulseFinishedCallback
 .text.HAL_TIM_TriggerCallback
                0x00000000080051c8       0x10 ./Drivers/STM32F0xx_HAL_Driver/Src/stm32f0xx_hal_tim.o
                0x00000000080051c8                HAL_TIM_TriggerCallback
 .text.TIM_Base_SetConfig
                0x00000000080051d8      0x100 ./Drivers/STM32F0xx_HAL_Driver/Src/stm32f0xx_hal_tim.o
                0x00000000080051d8                TIM_Base_SetConfig
 .text.TIM_TI1_ConfigInputStage
                0x00000000080052d8       0x5c ./Drivers/STM32F0xx_HAL_Driver/Src/stm32f0xx_hal_tim.o
 .text.TIM_TI2_ConfigInputStage
                0x0000000008005334       0x64 ./Drivers/STM32F0xx_HAL_Driver/Src/stm32f0xx_hal_tim.o
 .text.TIM_ITRx_SetConfig
                0x0000000008005398       0x32 ./Drivers/STM32F0xx_HAL_Driver/Src/stm32f0xx_hal_tim.o
 *fill*         0x00000000080053ca        0x2 
 .text.TIM_ETR_SetConfig
                0x00000000080053cc       0x40 ./Drivers/STM32F0xx_HAL_Driver/Src/stm32f0xx_hal_tim.o
                0x00000000080053cc                TIM_ETR_SetConfig
 .text.HAL_TIMEx_MasterConfigSynchronization
                0x000000000800540c       0xbc ./Drivers/STM32F0xx_HAL_Driver/Src/stm32f0xx_hal_tim_ex.o
                0x000000000800540c                HAL_TIMEx_MasterConfigSynchronization
 .text.HAL_TIMEx_CommutCallback
                0x00000000080054c8       0x10 ./Drivers/STM32F0xx_HAL_Driver/Src/stm32f0xx_hal_tim_ex.o
                0x00000000080054c8                HAL_TIMEx_CommutCallback
 .text.HAL_TIMEx_BreakCallback
                0x00000000080054d8       0x10 ./Drivers/STM32F0xx_HAL_Driver/Src/stm32f0xx_hal_tim_ex.o
                0x00000000080054d8                HAL_TIMEx_BreakCallback
 .text.HAL_UART_Init
                0x00000000080054e8       0xa8 ./Drivers/STM32F0xx_HAL_Driver/Src/stm32f0xx_hal_uart.o
                0x00000000080054e8                HAL_UART_Init
 .text.HAL_UART_Transmit
                0x0000000008005590      0x140 ./Drivers/STM32F0xx_HAL_Driver/Src/stm32f0xx_hal_uart.o
                0x0000000008005590                HAL_UART_Transmit
 .text.UART_SetConfig
                0x00000000080056d0      0x280 ./Drivers/STM32F0xx_HAL_Driver/Src/stm32f0xx_hal_uart.o
                0x00000000080056d0                UART_SetConfig
 .text.UART_AdvFeatureConfig
                0x0000000008005950      0x168 ./Drivers/STM32F0xx_HAL_Driver/Src/stm32f0xx_hal_uart.o
                0x0000000008005950                UART_AdvFeatureConfig
 .text.UART_CheckIdleState
                0x0000000008005ab8      0x150 ./Drivers/STM32F0xx_HAL_Driver/Src/stm32f0xx_hal_uart.o
                0x0000000008005ab8                UART_CheckIdleState
 .text.UART_WaitOnFlagUntilTimeout
                0x0000000008005c08       0xd2 ./Drivers/STM32F0xx_HAL_Driver/Src/stm32f0xx_hal_uart.o
                0x0000000008005c08                UART_WaitOnFlagUntilTimeout
 *fill*         0x0000000008005cda        0x2 
 .text.UART_EndRxTransfer
                0x0000000008005cdc       0xc8 ./Drivers/STM32F0xx_HAL_Driver/Src/stm32f0xx_hal_uart.o
 .text.__errno  0x0000000008005da4        0xc c:/st/stm32cubeide_1.11.0/stm32cubeide/plugins/com.st.stm32cube.ide.mcu.externaltools.gnu-tools-for-stm32.10.3-2021.10.win32_1.0.100.202210260954/tools/bin/../lib/gcc/arm-none-eabi/10.3.1/../../../../arm-none-eabi/lib/thumb/v6-m/nofp\libc_nano.a(lib_a-errno.o)
                0x0000000008005da4                __errno
 .text.__libc_init_array
                0x0000000008005db0       0x48 c:/st/stm32cubeide_1.11.0/stm32cubeide/plugins/com.st.stm32cube.ide.mcu.externaltools.gnu-tools-for-stm32.10.3-2021.10.win32_1.0.100.202210260954/tools/bin/../lib/gcc/arm-none-eabi/10.3.1/../../../../arm-none-eabi/lib/thumb/v6-m/nofp\libc_nano.a(lib_a-init.o)
                0x0000000008005db0                __libc_init_array
 .text.memset   0x0000000008005df8       0x10 c:/st/stm32cubeide_1.11.0/stm32cubeide/plugins/com.st.stm32cube.ide.mcu.externaltools.gnu-tools-for-stm32.10.3-2021.10.win32_1.0.100.202210260954/tools/bin/../lib/gcc/arm-none-eabi/10.3.1/../../../../arm-none-eabi/lib/thumb/v6-m/nofp\libc_nano.a(lib_a-memset.o)
                0x0000000008005df8                memset
 .text.sprintf  0x0000000008005e08       0x40 c:/st/stm32cubeide_1.11.0/stm32cubeide/plugins/com.st.stm32cube.ide.mcu.externaltools.gnu-tools-for-stm32.10.3-2021.10.win32_1.0.100.202210260954/tools/bin/../lib/gcc/arm-none-eabi/10.3.1/../../../../arm-none-eabi/lib/thumb/v6-m/nofp\libc_nano.a(lib_a-sprintf.o)
                0x0000000008005e08                siprintf
                0x0000000008005e08                sprintf
 .text.__ssputs_r
                0x0000000008005e48       0xc4 c:/st/stm32cubeide_1.11.0/stm32cubeide/plugins/com.st.stm32cube.ide.mcu.externaltools.gnu-tools-for-stm32.10.3-2021.10.win32_1.0.100.202210260954/tools/bin/../lib/gcc/arm-none-eabi/10.3.1/../../../../arm-none-eabi/lib/thumb/v6-m/nofp\libc_nano.a(lib_a-nano-svfprintf.o)
                0x0000000008005e48                __ssputs_r
 .text._svfprintf_r
                0x0000000008005f0c      0x200 c:/st/stm32cubeide_1.11.0/stm32cubeide/plugins/com.st.stm32cube.ide.mcu.externaltools.gnu-tools-for-stm32.10.3-2021.10.win32_1.0.100.202210260954/tools/bin/../lib/gcc/arm-none-eabi/10.3.1/../../../../arm-none-eabi/lib/thumb/v6-m/nofp\libc_nano.a(lib_a-nano-svfprintf.o)
                0x0000000008005f0c                _svfiprintf_r
                0x0000000008005f0c                _svfprintf_r
 .text._printf_common
                0x000000000800610c       0xde c:/st/stm32cubeide_1.11.0/stm32cubeide/plugins/com.st.stm32cube.ide.mcu.externaltools.gnu-tools-for-stm32.10.3-2021.10.win32_1.0.100.202210260954/tools/bin/../lib/gcc/arm-none-eabi/10.3.1/../../../../arm-none-eabi/lib/thumb/v6-m/nofp\libc_nano.a(lib_a-nano-vfprintf_i.o)
                0x000000000800610c                _printf_common
 *fill*         0x00000000080061ea        0x2 
 .text._printf_i
                0x00000000080061ec      0x224 c:/st/stm32cubeide_1.11.0/stm32cubeide/plugins/com.st.stm32cube.ide.mcu.externaltools.gnu-tools-for-stm32.10.3-2021.10.win32_1.0.100.202210260954/tools/bin/../lib/gcc/arm-none-eabi/10.3.1/../../../../arm-none-eabi/lib/thumb/v6-m/nofp\libc_nano.a(lib_a-nano-vfprintf_i.o)
                0x00000000080061ec                _printf_i
 .text.memchr   0x0000000008006410       0x16 c:/st/stm32cubeide_1.11.0/stm32cubeide/plugins/com.st.stm32cube.ide.mcu.externaltools.gnu-tools-for-stm32.10.3-2021.10.win32_1.0.100.202210260954/tools/bin/../lib/gcc/arm-none-eabi/10.3.1/../../../../arm-none-eabi/lib/thumb/v6-m/nofp\libc_nano.a(lib_a-memchr-stub.o)
                0x0000000008006410                memchr
 .text.memcpy   0x0000000008006426       0x12 c:/st/stm32cubeide_1.11.0/stm32cubeide/plugins/com.st.stm32cube.ide.mcu.externaltools.gnu-tools-for-stm32.10.3-2021.10.win32_1.0.100.202210260954/tools/bin/../lib/gcc/arm-none-eabi/10.3.1/../../../../arm-none-eabi/lib/thumb/v6-m/nofp\libc_nano.a(lib_a-memcpy-stub.o)
                0x0000000008006426                memcpy
 .text.memmove  0x0000000008006438       0x26 c:/st/stm32cubeide_1.11.0/stm32cubeide/plugins/com.st.stm32cube.ide.mcu.externaltools.gnu-tools-for-stm32.10.3-2021.10.win32_1.0.100.202210260954/tools/bin/../lib/gcc/arm-none-eabi/10.3.1/../../../../arm-none-eabi/lib/thumb/v6-m/nofp\libc_nano.a(lib_a-memmove.o)
                0x0000000008006438                memmove
 *fill*         0x000000000800645e        0x2 
 .text._free_r  0x0000000008006460       0x94 c:/st/stm32cubeide_1.11.0/stm32cubeide/plugins/com.st.stm32cube.ide.mcu.externaltools.gnu-tools-for-stm32.10.3-2021.10.win32_1.0.100.202210260954/tools/bin/../lib/gcc/arm-none-eabi/10.3.1/../../../../arm-none-eabi/lib/thumb/v6-m/nofp\libc_nano.a(lib_a-nano-freer.o)
                0x0000000008006460                _free_r
 .text.sbrk_aligned
                0x00000000080064f4       0x44 c:/st/stm32cubeide_1.11.0/stm32cubeide/plugins/com.st.stm32cube.ide.mcu.externaltools.gnu-tools-for-stm32.10.3-2021.10.win32_1.0.100.202210260954/tools/bin/../lib/gcc/arm-none-eabi/10.3.1/../../../../arm-none-eabi/lib/thumb/v6-m/nofp\libc_nano.a(lib_a-nano-mallocr.o)
 .text._malloc_r
                0x0000000008006538       0xec c:/st/stm32cubeide_1.11.0/stm32cubeide/plugins/com.st.stm32cube.ide.mcu.externaltools.gnu-tools-for-stm32.10.3-2021.10.win32_1.0.100.202210260954/tools/bin/../lib/gcc/arm-none-eabi/10.3.1/../../../../arm-none-eabi/lib/thumb/v6-m/nofp\libc_nano.a(lib_a-nano-mallocr.o)
                0x0000000008006538                _malloc_r
 .text._realloc_r
                0x0000000008006624       0x5e c:/st/stm32cubeide_1.11.0/stm32cubeide/plugins/com.st.stm32cube.ide.mcu.externaltools.gnu-tools-for-stm32.10.3-2021.10.win32_1.0.100.202210260954/tools/bin/../lib/gcc/arm-none-eabi/10.3.1/../../../../arm-none-eabi/lib/thumb/v6-m/nofp\libc_nano.a(lib_a-nano-reallocr.o)
                0x0000000008006624                _realloc_r
 *fill*         0x0000000008006682        0x2 
 .text._sbrk_r  0x0000000008006684       0x24 c:/st/stm32cubeide_1.11.0/stm32cubeide/plugins/com.st.stm32cube.ide.mcu.externaltools.gnu-tools-for-stm32.10.3-2021.10.win32_1.0.100.202210260954/tools/bin/../lib/gcc/arm-none-eabi/10.3.1/../../../../arm-none-eabi/lib/thumb/v6-m/nofp\libc_nano.a(lib_a-sbrkr.o)
                0x0000000008006684                _sbrk_r
 .text.__malloc_lock
                0x00000000080066a8       0x10 c:/st/stm32cubeide_1.11.0/stm32cubeide/plugins/com.st.stm32cube.ide.mcu.externaltools.gnu-tools-for-stm32.10.3-2021.10.win32_1.0.100.202210260954/tools/bin/../lib/gcc/arm-none-eabi/10.3.1/../../../../arm-none-eabi/lib/thumb/v6-m/nofp\libc_nano.a(lib_a-mlock.o)
                0x00000000080066a8                __malloc_lock
 .text.__malloc_unlock
                0x00000000080066b8       0x10 c:/st/stm32cubeide_1.11.0/stm32cubeide/plugins/com.st.stm32cube.ide.mcu.externaltools.gnu-tools-for-stm32.10.3-2021.10.win32_1.0.100.202210260954/tools/bin/../lib/gcc/arm-none-eabi/10.3.1/../../../../arm-none-eabi/lib/thumb/v6-m/nofp\libc_nano.a(lib_a-mlock.o)
                0x00000000080066b8                __malloc_unlock
 .text._malloc_usable_size_r
                0x00000000080066c8       0x10 c:/st/stm32cubeide_1.11.0/stm32cubeide/plugins/com.st.stm32cube.ide.mcu.externaltools.gnu-tools-for-stm32.10.3-2021.10.win32_1.0.100.202210260954/tools/bin/../lib/gcc/arm-none-eabi/10.3.1/../../../../arm-none-eabi/lib/thumb/v6-m/nofp\libc_nano.a(lib_a-nano-msizer.o)
                0x00000000080066c8                _malloc_usable_size_r
 .text.__retarget_lock_acquire_recursive
                0x00000000080066d8        0x2 c:/st/stm32cubeide_1.11.0/stm32cubeide/plugins/com.st.stm32cube.ide.mcu.externaltools.gnu-tools-for-stm32.10.3-2021.10.win32_1.0.100.202210260954/tools/bin/../lib/gcc/arm-none-eabi/10.3.1/../../../../arm-none-eabi/lib/thumb/v6-m/nofp\libc_nano.a(lib_a-lock.o)
                0x00000000080066d8                __retarget_lock_acquire_recursive
 .text.__retarget_lock_release_recursive
                0x00000000080066da        0x2 c:/st/stm32cubeide_1.11.0/stm32cubeide/plugins/com.st.stm32cube.ide.mcu.externaltools.gnu-tools-for-stm32.10.3-2021.10.win32_1.0.100.202210260954/tools/bin/../lib/gcc/arm-none-eabi/10.3.1/../../../../arm-none-eabi/lib/thumb/v6-m/nofp\libc_nano.a(lib_a-lock.o)
                0x00000000080066da                __retarget_lock_release_recursive
 *(.glue_7)
 .glue_7        0x00000000080066dc        0x0 linker stubs
 *(.glue_7t)
 .glue_7t       0x00000000080066dc        0x0 linker stubs
 *(.eh_frame)
 .eh_frame      0x00000000080066dc        0x0 c:/st/stm32cubeide_1.11.0/stm32cubeide/plugins/com.st.stm32cube.ide.mcu.externaltools.gnu-tools-for-stm32.10.3-2021.10.win32_1.0.100.202210260954/tools/bin/../lib/gcc/arm-none-eabi/10.3.1/thumb/v6-m/nofp/crtbegin.o
 *(.init)
 .init          0x00000000080066dc        0x4 c:/st/stm32cubeide_1.11.0/stm32cubeide/plugins/com.st.stm32cube.ide.mcu.externaltools.gnu-tools-for-stm32.10.3-2021.10.win32_1.0.100.202210260954/tools/bin/../lib/gcc/arm-none-eabi/10.3.1/thumb/v6-m/nofp/crti.o
                0x00000000080066dc                _init
 .init          0x00000000080066e0        0x8 c:/st/stm32cubeide_1.11.0/stm32cubeide/plugins/com.st.stm32cube.ide.mcu.externaltools.gnu-tools-for-stm32.10.3-2021.10.win32_1.0.100.202210260954/tools/bin/../lib/gcc/arm-none-eabi/10.3.1/thumb/v6-m/nofp/crtn.o
 *(.fini)
 .fini          0x00000000080066e8        0x4 c:/st/stm32cubeide_1.11.0/stm32cubeide/plugins/com.st.stm32cube.ide.mcu.externaltools.gnu-tools-for-stm32.10.3-2021.10.win32_1.0.100.202210260954/tools/bin/../lib/gcc/arm-none-eabi/10.3.1/thumb/v6-m/nofp/crti.o
                0x00000000080066e8                _fini
 .fini          0x00000000080066ec        0x8 c:/st/stm32cubeide_1.11.0/stm32cubeide/plugins/com.st.stm32cube.ide.mcu.externaltools.gnu-tools-for-stm32.10.3-2021.10.win32_1.0.100.202210260954/tools/bin/../lib/gcc/arm-none-eabi/10.3.1/thumb/v6-m/nofp/crtn.o
                0x00000000080066f4                . = ALIGN (0x4)
                0x00000000080066f4                _etext = .

.vfp11_veneer   0x00000000080066f4        0x0
 .vfp11_veneer  0x00000000080066f4        0x0 linker stubs

.v4_bx          0x00000000080066f4        0x0
 .v4_bx         0x00000000080066f4        0x0 linker stubs

.iplt           0x00000000080066f4        0x0
 .iplt          0x00000000080066f4        0x0 c:/st/stm32cubeide_1.11.0/stm32cubeide/plugins/com.st.stm32cube.ide.mcu.externaltools.gnu-tools-for-stm32.10.3-2021.10.win32_1.0.100.202210260954/tools/bin/../lib/gcc/arm-none-eabi/10.3.1/thumb/v6-m/nofp/crtbegin.o

.rodata         0x00000000080066f4      0x108
                0x00000000080066f4                . = ALIGN (0x4)
 *(.rodata)
 .rodata        0x00000000080066f4       0x5b ./Core/Src/main.o
 *fill*         0x000000000800674f        0x1 
 .rodata        0x0000000008006750       0x40 c:/st/stm32cubeide_1.11.0/stm32cubeide/plugins/com.st.stm32cube.ide.mcu.externaltools.gnu-tools-for-stm32.10.3-2021.10.win32_1.0.100.202210260954/tools/bin/../lib/gcc/arm-none-eabi/10.3.1/thumb/v6-m/nofp\libgcc.a(mulsf3.o)
 *(.rodata*)
 .rodata.AHBPrescTable
                0x0000000008006790       0x10 ./Core/Src/system_stm32f0xx.o
                0x0000000008006790                AHBPrescTable
 .rodata.APBPrescTable
                0x00000000080067a0        0x8 ./Core/Src/system_stm32f0xx.o
                0x00000000080067a0                APBPrescTable
 .rodata.aPLLMULFactorTable.1
                0x00000000080067a8       0x10 ./Drivers/STM32F0xx_HAL_Driver/Src/stm32f0xx_hal_rcc.o
 .rodata.aPredivFactorTable.0
                0x00000000080067b8       0x10 ./Drivers/STM32F0xx_HAL_Driver/Src/stm32f0xx_hal_rcc.o
 .rodata._svfprintf_r.str1.1
                0x00000000080067c8       0x11 c:/st/stm32cubeide_1.11.0/stm32cubeide/plugins/com.st.stm32cube.ide.mcu.externaltools.gnu-tools-for-stm32.10.3-2021.10.win32_1.0.100.202210260954/tools/bin/../lib/gcc/arm-none-eabi/10.3.1/../../../../arm-none-eabi/lib/thumb/v6-m/nofp\libc_nano.a(lib_a-nano-svfprintf.o)
 .rodata._printf_i.str1.1
                0x00000000080067d9       0x22 c:/st/stm32cubeide_1.11.0/stm32cubeide/plugins/com.st.stm32cube.ide.mcu.externaltools.gnu-tools-for-stm32.10.3-2021.10.win32_1.0.100.202210260954/tools/bin/../lib/gcc/arm-none-eabi/10.3.1/../../../../arm-none-eabi/lib/thumb/v6-m/nofp\libc_nano.a(lib_a-nano-vfprintf_i.o)
                0x00000000080067fc                . = ALIGN (0x4)
 *fill*         0x00000000080067fb        0x1 

.rel.dyn        0x00000000080067fc        0x0
 .rel.iplt      0x00000000080067fc        0x0 c:/st/stm32cubeide_1.11.0/stm32cubeide/plugins/com.st.stm32cube.ide.mcu.externaltools.gnu-tools-for-stm32.10.3-2021.10.win32_1.0.100.202210260954/tools/bin/../lib/gcc/arm-none-eabi/10.3.1/thumb/v6-m/nofp/crtbegin.o

.ARM.extab      0x00000000080067fc        0x0
                0x00000000080067fc                . = ALIGN (0x4)
 *(.ARM.extab* .gnu.linkonce.armextab.*)
                0x00000000080067fc                . = ALIGN (0x4)

.ARM            0x00000000080067fc        0x0
                0x00000000080067fc                . = ALIGN (0x4)
                0x00000000080067fc                __exidx_start = .
 *(.ARM.exidx*)
                0x00000000080067fc                __exidx_end = .
                0x00000000080067fc                . = ALIGN (0x4)

.preinit_array  0x00000000080067fc        0x0
                0x00000000080067fc                . = ALIGN (0x4)
                0x00000000080067fc                PROVIDE (__preinit_array_start = .)
 *(.preinit_array*)
                0x00000000080067fc                PROVIDE (__preinit_array_end = .)
                0x00000000080067fc                . = ALIGN (0x4)

.init_array     0x00000000080067fc        0x4
                0x00000000080067fc                . = ALIGN (0x4)
                0x00000000080067fc                PROVIDE (__init_array_start = .)
 *(SORT_BY_NAME(.init_array.*))
 *(.init_array*)
 .init_array    0x00000000080067fc        0x4 c:/st/stm32cubeide_1.11.0/stm32cubeide/plugins/com.st.stm32cube.ide.mcu.externaltools.gnu-tools-for-stm32.10.3-2021.10.win32_1.0.100.202210260954/tools/bin/../lib/gcc/arm-none-eabi/10.3.1/thumb/v6-m/nofp/crtbegin.o
                0x0000000008006800                PROVIDE (__init_array_end = .)
                0x0000000008006800                . = ALIGN (0x4)

.fini_array     0x0000000008006800        0x4
                0x0000000008006800                . = ALIGN (0x4)
                [!provide]                        PROVIDE (__fini_array_start = .)
 *(SORT_BY_NAME(.fini_array.*))
 *(.fini_array*)
 .fini_array    0x0000000008006800        0x4 c:/st/stm32cubeide_1.11.0/stm32cubeide/plugins/com.st.stm32cube.ide.mcu.externaltools.gnu-tools-for-stm32.10.3-2021.10.win32_1.0.100.202210260954/tools/bin/../lib/gcc/arm-none-eabi/10.3.1/thumb/v6-m/nofp/crtbegin.o
                [!provide]                        PROVIDE (__fini_array_end = .)
                0x0000000008006804                . = ALIGN (0x4)
                0x0000000008006804                _sidata = LOADADDR (.data)

.data           0x0000000020000000       0x78 load address 0x0000000008006804
                0x0000000020000000                . = ALIGN (0x4)
                0x0000000020000000                _sdata = .
 *(.data)
 *(.data*)
 .data.hours    0x0000000020000000        0x1 ./Core/Src/main.o
                0x0000000020000000                hours
 .data.minutes  0x0000000020000001        0x1 ./Core/Src/main.o
                0x0000000020000001                minutes
 .data.day      0x0000000020000002        0x1 ./Core/Src/main.o
                0x0000000020000002                day
 .data.month    0x0000000020000003        0x1 ./Core/Src/main.o
                0x0000000020000003                month
 .data.year     0x0000000020000004        0x1 ./Core/Src/main.o
                0x0000000020000004                year
 *fill*         0x0000000020000005        0x3 
 .data.SystemCoreClock
                0x0000000020000008        0x4 ./Core/Src/system_stm32f0xx.o
                0x0000000020000008                SystemCoreClock
 .data.uwTickPrio
                0x000000002000000c        0x4 ./Drivers/STM32F0xx_HAL_Driver/Src/stm32f0xx_hal.o
                0x000000002000000c                uwTickPrio
 .data.uwTickFreq
                0x0000000020000010        0x1 ./Drivers/STM32F0xx_HAL_Driver/Src/stm32f0xx_hal.o
                0x0000000020000010                uwTickFreq
 *fill*         0x0000000020000011        0x3 
 .data._impure_ptr
                0x0000000020000014        0x4 c:/st/stm32cubeide_1.11.0/stm32cubeide/plugins/com.st.stm32cube.ide.mcu.externaltools.gnu-tools-for-stm32.10.3-2021.10.win32_1.0.100.202210260954/tools/bin/../lib/gcc/arm-none-eabi/10.3.1/../../../../arm-none-eabi/lib/thumb/v6-m/nofp\libc_nano.a(lib_a-impure.o)
                0x0000000020000014                _impure_ptr
 .data.impure_data
                0x0000000020000018       0x60 c:/st/stm32cubeide_1.11.0/stm32cubeide/plugins/com.st.stm32cube.ide.mcu.externaltools.gnu-tools-for-stm32.10.3-2021.10.win32_1.0.100.202210260954/tools/bin/../lib/gcc/arm-none-eabi/10.3.1/../../../../arm-none-eabi/lib/thumb/v6-m/nofp\libc_nano.a(lib_a-impure.o)
 *(.RamFunc)
 *(.RamFunc*)
                0x0000000020000078                . = ALIGN (0x4)
                0x0000000020000078                _edata = .

.igot.plt       0x0000000020000078        0x0 load address 0x000000000800687c
 .igot.plt      0x0000000020000078        0x0 c:/st/stm32cubeide_1.11.0/stm32cubeide/plugins/com.st.stm32cube.ide.mcu.externaltools.gnu-tools-for-stm32.10.3-2021.10.win32_1.0.100.202210260954/tools/bin/../lib/gcc/arm-none-eabi/10.3.1/thumb/v6-m/nofp/crtbegin.o
                0x0000000020000078                . = ALIGN (0x4)

.bss            0x0000000020000078      0x204 load address 0x000000000800687c
                0x0000000020000078                _sbss = .
                0x0000000020000078                __bss_start__ = _sbss
 *(.bss)
 .bss           0x0000000020000078       0x1c c:/st/stm32cubeide_1.11.0/stm32cubeide/plugins/com.st.stm32cube.ide.mcu.externaltools.gnu-tools-for-stm32.10.3-2021.10.win32_1.0.100.202210260954/tools/bin/../lib/gcc/arm-none-eabi/10.3.1/thumb/v6-m/nofp/crtbegin.o
 *(.bss*)
 .bss.m         0x0000000020000094        0x4 ./Core/Src/ldr.o
 .bss.c         0x0000000020000098        0x4 ./Core/Src/ldr.o
 .bss.hadc      0x000000002000009c       0x40 ./Core/Src/main.o
                0x000000002000009c                hadc
 .bss.hi2c1     0x00000000200000dc       0x54 ./Core/Src/main.o
                0x00000000200000dc                hi2c1
 .bss.hrtc      0x0000000020000130       0x20 ./Core/Src/main.o
                0x0000000020000130                hrtc
 .bss.htim2     0x0000000020000150       0x48 ./Core/Src/main.o
                0x0000000020000150                htim2
 .bss.huart1    0x0000000020000198       0x88 ./Core/Src/main.o
                0x0000000020000198                huart1
 .bss.seconds   0x0000000020000220        0x1 ./Core/Src/main.o
                0x0000000020000220                seconds
 .bss.read_hours
                0x0000000020000221        0x1 ./Core/Src/main.o
                0x0000000020000221                read_hours
 .bss.read_minutes
                0x0000000020000222        0x1 ./Core/Src/main.o
                0x0000000020000222                read_minutes
 .bss.read_seconds
                0x0000000020000223        0x1 ./Core/Src/main.o
                0x0000000020000223                read_seconds
 .bss.time_string
                0x0000000020000224        0x9 ./Core/Src/main.o
                0x0000000020000224                time_string
 .bss.dayread   0x000000002000022d        0x1 ./Core/Src/main.o
                0x000000002000022d                dayread
 .bss.monthread
                0x000000002000022e        0x1 ./Core/Src/main.o
                0x000000002000022e                monthread
 .bss.yearread  0x000000002000022f        0x1 ./Core/Src/main.o
                0x000000002000022f                yearread
 .bss.date_string
                0x0000000020000230        0xb ./Core/Src/main.o
                0x0000000020000230                date_string
 *fill*         0x000000002000023b        0x1 
 .bss.light_intensity
                0x000000002000023c        0x4 ./Core/Src/main.o
                0x000000002000023c                light_intensity
 .bss.temperature
                0x0000000020000240        0x4 ./Core/Src/main.o
                0x0000000020000240                temperature
 .bss.temp_string
                0x0000000020000244        0xa ./Core/Src/main.o
                0x0000000020000244                temp_string
 *fill*         0x000000002000024e        0x2 
 .bss.light_string
                0x0000000020000250        0xa ./Core/Src/main.o
                0x0000000020000250                light_string
 .bss.status    0x000000002000025a        0x1 ./Core/Src/main.o
                0x000000002000025a                status
 *fill*         0x000000002000025b        0x1 
 .bss.current_page
                0x000000002000025c        0x2 ./Core/Src/main.o
                0x000000002000025c                current_page
 .bss.eeprom_full
                0x000000002000025e        0x1 ./Core/Src/main.o
                0x000000002000025e                eeprom_full
 .bss.usb_plugged
                0x000000002000025f        0x1 ./Core/Src/main.o
                0x000000002000025f                usb_plugged
 .bss.__sbrk_heap_end
                0x0000000020000260        0x4 ./Core/Src/sysmem.o
 .bss.i2c_handle
                0x0000000020000264        0x4 ./Core/Src/tmp102.o
 .bss.uwTick    0x0000000020000268        0x4 ./Drivers/STM32F0xx_HAL_Driver/Src/stm32f0xx_hal.o
                0x0000000020000268                uwTick
 .bss.__malloc_free_list
                0x000000002000026c        0x4 c:/st/stm32cubeide_1.11.0/stm32cubeide/plugins/com.st.stm32cube.ide.mcu.externaltools.gnu-tools-for-stm32.10.3-2021.10.win32_1.0.100.202210260954/tools/bin/../lib/gcc/arm-none-eabi/10.3.1/../../../../arm-none-eabi/lib/thumb/v6-m/nofp\libc_nano.a(lib_a-nano-mallocr.o)
                0x000000002000026c                __malloc_free_list
 .bss.__malloc_sbrk_start
                0x0000000020000270        0x4 c:/st/stm32cubeide_1.11.0/stm32cubeide/plugins/com.st.stm32cube.ide.mcu.externaltools.gnu-tools-for-stm32.10.3-2021.10.win32_1.0.100.202210260954/tools/bin/../lib/gcc/arm-none-eabi/10.3.1/../../../../arm-none-eabi/lib/thumb/v6-m/nofp\libc_nano.a(lib_a-nano-mallocr.o)
                0x0000000020000270                __malloc_sbrk_start
 .bss.errno     0x0000000020000274        0x4 c:/st/stm32cubeide_1.11.0/stm32cubeide/plugins/com.st.stm32cube.ide.mcu.externaltools.gnu-tools-for-stm32.10.3-2021.10.win32_1.0.100.202210260954/tools/bin/../lib/gcc/arm-none-eabi/10.3.1/../../../../arm-none-eabi/lib/thumb/v6-m/nofp\libc_nano.a(lib_a-reent.o)
                0x0000000020000274                errno
 .bss.__lock___malloc_recursive_mutex
                0x0000000020000278        0x1 c:/st/stm32cubeide_1.11.0/stm32cubeide/plugins/com.st.stm32cube.ide.mcu.externaltools.gnu-tools-for-stm32.10.3-2021.10.win32_1.0.100.202210260954/tools/bin/../lib/gcc/arm-none-eabi/10.3.1/../../../../arm-none-eabi/lib/thumb/v6-m/nofp\libc_nano.a(lib_a-lock.o)
                0x0000000020000278                __lock___malloc_recursive_mutex
 *(COMMON)
                0x000000002000027c                . = ALIGN (0x4)
 *fill*         0x0000000020000279        0x3 
                0x000000002000027c                _ebss = .
                0x000000002000027c                __bss_end__ = _ebss

._user_heap_stack
                0x000000002000027c      0x604 load address 0x000000000800687c
                0x0000000020000280                . = ALIGN (0x8)
 *fill*         0x000000002000027c        0x4 
                [!provide]                        PROVIDE (end = .)
                0x0000000020000280                PROVIDE (_end = .)
                0x0000000020000480                . = (. + _Min_Heap_Size)
 *fill*         0x0000000020000280      0x200 
                0x0000000020000880                . = (. + _Min_Stack_Size)
 *fill*         0x0000000020000480      0x400 
                0x0000000020000880                . = ALIGN (0x8)

/DISCARD/
 libc.a(*)
 libm.a(*)
 libgcc.a(*)

.ARM.attributes
                0x0000000000000000       0x28
 *(.ARM.attributes)
 .ARM.attributes
                0x0000000000000000       0x1e c:/st/stm32cubeide_1.11.0/stm32cubeide/plugins/com.st.stm32cube.ide.mcu.externaltools.gnu-tools-for-stm32.10.3-2021.10.win32_1.0.100.202210260954/tools/bin/../lib/gcc/arm-none-eabi/10.3.1/thumb/v6-m/nofp/crti.o
 .ARM.attributes
                0x000000000000001e       0x2c c:/st/stm32cubeide_1.11.0/stm32cubeide/plugins/com.st.stm32cube.ide.mcu.externaltools.gnu-tools-for-stm32.10.3-2021.10.win32_1.0.100.202210260954/tools/bin/../lib/gcc/arm-none-eabi/10.3.1/thumb/v6-m/nofp/crtbegin.o
 .ARM.attributes
                0x000000000000004a       0x2c ./Core/Src/EEPROM.o
 .ARM.attributes
                0x0000000000000076       0x2c ./Core/Src/ldr.o
 .ARM.attributes
                0x00000000000000a2       0x2c ./Core/Src/main.o
 .ARM.attributes
                0x00000000000000ce       0x2c ./Core/Src/rtc.o
 .ARM.attributes
                0x00000000000000fa       0x2c ./Core/Src/stm32f0xx_hal_msp.o
 .ARM.attributes
                0x0000000000000126       0x2c ./Core/Src/stm32f0xx_it.o
 .ARM.attributes
                0x0000000000000152       0x2c ./Core/Src/sysmem.o
 .ARM.attributes
                0x000000000000017e       0x2c ./Core/Src/system_stm32f0xx.o
 .ARM.attributes
                0x00000000000001aa       0x2c ./Core/Src/tmp102.o
 .ARM.attributes
                0x00000000000001d6       0x21 ./Core/Startup/startup_stm32f051c6tx.o
 .ARM.attributes
                0x00000000000001f7       0x2c ./Drivers/STM32F0xx_HAL_Driver/Src/stm32f0xx_hal.o
 .ARM.attributes
                0x0000000000000223       0x2c ./Drivers/STM32F0xx_HAL_Driver/Src/stm32f0xx_hal_adc.o
 .ARM.attributes
                0x000000000000024f       0x2c ./Drivers/STM32F0xx_HAL_Driver/Src/stm32f0xx_hal_cortex.o
 .ARM.attributes
                0x000000000000027b       0x2c ./Drivers/STM32F0xx_HAL_Driver/Src/stm32f0xx_hal_gpio.o
 .ARM.attributes
                0x00000000000002a7       0x2c ./Drivers/STM32F0xx_HAL_Driver/Src/stm32f0xx_hal_i2c.o
 .ARM.attributes
                0x00000000000002d3       0x2c ./Drivers/STM32F0xx_HAL_Driver/Src/stm32f0xx_hal_i2c_ex.o
 .ARM.attributes
                0x00000000000002ff       0x2c ./Drivers/STM32F0xx_HAL_Driver/Src/stm32f0xx_hal_rcc.o
 .ARM.attributes
                0x000000000000032b       0x2c ./Drivers/STM32F0xx_HAL_Driver/Src/stm32f0xx_hal_rcc_ex.o
 .ARM.attributes
                0x0000000000000357       0x2c ./Drivers/STM32F0xx_HAL_Driver/Src/stm32f0xx_hal_rtc.o
 .ARM.attributes
                0x0000000000000383       0x2c ./Drivers/STM32F0xx_HAL_Driver/Src/stm32f0xx_hal_tim.o
 .ARM.attributes
                0x00000000000003af       0x2c ./Drivers/STM32F0xx_HAL_Driver/Src/stm32f0xx_hal_tim_ex.o
 .ARM.attributes
                0x00000000000003db       0x2c ./Drivers/STM32F0xx_HAL_Driver/Src/stm32f0xx_hal_uart.o
 .ARM.attributes
                0x0000000000000407       0x2c c:/st/stm32cubeide_1.11.0/stm32cubeide/plugins/com.st.stm32cube.ide.mcu.externaltools.gnu-tools-for-stm32.10.3-2021.10.win32_1.0.100.202210260954/tools/bin/../lib/gcc/arm-none-eabi/10.3.1/../../../../arm-none-eabi/lib/thumb/v6-m/nofp\libc_nano.a(lib_a-errno.o)
 .ARM.attributes
                0x0000000000000433       0x2c c:/st/stm32cubeide_1.11.0/stm32cubeide/plugins/com.st.stm32cube.ide.mcu.externaltools.gnu-tools-for-stm32.10.3-2021.10.win32_1.0.100.202210260954/tools/bin/../lib/gcc/arm-none-eabi/10.3.1/../../../../arm-none-eabi/lib/thumb/v6-m/nofp\libc_nano.a(lib_a-impure.o)
 .ARM.attributes
                0x000000000000045f       0x2c c:/st/stm32cubeide_1.11.0/stm32cubeide/plugins/com.st.stm32cube.ide.mcu.externaltools.gnu-tools-for-stm32.10.3-2021.10.win32_1.0.100.202210260954/tools/bin/../lib/gcc/arm-none-eabi/10.3.1/../../../../arm-none-eabi/lib/thumb/v6-m/nofp\libc_nano.a(lib_a-init.o)
 .ARM.attributes
                0x000000000000048b       0x2c c:/st/stm32cubeide_1.11.0/stm32cubeide/plugins/com.st.stm32cube.ide.mcu.externaltools.gnu-tools-for-stm32.10.3-2021.10.win32_1.0.100.202210260954/tools/bin/../lib/gcc/arm-none-eabi/10.3.1/../../../../arm-none-eabi/lib/thumb/v6-m/nofp\libc_nano.a(lib_a-memset.o)
 .ARM.attributes
                0x00000000000004b7       0x2c c:/st/stm32cubeide_1.11.0/stm32cubeide/plugins/com.st.stm32cube.ide.mcu.externaltools.gnu-tools-for-stm32.10.3-2021.10.win32_1.0.100.202210260954/tools/bin/../lib/gcc/arm-none-eabi/10.3.1/../../../../arm-none-eabi/lib/thumb/v6-m/nofp\libc_nano.a(lib_a-sprintf.o)
 .ARM.attributes
                0x00000000000004e3       0x1c c:/st/stm32cubeide_1.11.0/stm32cubeide/plugins/com.st.stm32cube.ide.mcu.externaltools.gnu-tools-for-stm32.10.3-2021.10.win32_1.0.100.202210260954/tools/bin/../lib/gcc/arm-none-eabi/10.3.1/../../../../arm-none-eabi/lib/thumb/v6-m/nofp\libc_nano.a(lib_a-strlen.o)
 .ARM.attributes
                0x00000000000004ff       0x2c c:/st/stm32cubeide_1.11.0/stm32cubeide/plugins/com.st.stm32cube.ide.mcu.externaltools.gnu-tools-for-stm32.10.3-2021.10.win32_1.0.100.202210260954/tools/bin/../lib/gcc/arm-none-eabi/10.3.1/../../../../arm-none-eabi/lib/thumb/v6-m/nofp\libc_nano.a(lib_a-nano-svfprintf.o)
 .ARM.attributes
                0x000000000000052b       0x2c c:/st/stm32cubeide_1.11.0/stm32cubeide/plugins/com.st.stm32cube.ide.mcu.externaltools.gnu-tools-for-stm32.10.3-2021.10.win32_1.0.100.202210260954/tools/bin/../lib/gcc/arm-none-eabi/10.3.1/../../../../arm-none-eabi/lib/thumb/v6-m/nofp\libc_nano.a(lib_a-nano-vfprintf_i.o)
 .ARM.attributes
                0x0000000000000557       0x2c c:/st/stm32cubeide_1.11.0/stm32cubeide/plugins/com.st.stm32cube.ide.mcu.externaltools.gnu-tools-for-stm32.10.3-2021.10.win32_1.0.100.202210260954/tools/bin/../lib/gcc/arm-none-eabi/10.3.1/../../../../arm-none-eabi/lib/thumb/v6-m/nofp\libc_nano.a(lib_a-memchr-stub.o)
 .ARM.attributes
                0x0000000000000583       0x2c c:/st/stm32cubeide_1.11.0/stm32cubeide/plugins/com.st.stm32cube.ide.mcu.externaltools.gnu-tools-for-stm32.10.3-2021.10.win32_1.0.100.202210260954/tools/bin/../lib/gcc/arm-none-eabi/10.3.1/../../../../arm-none-eabi/lib/thumb/v6-m/nofp\libc_nano.a(lib_a-memcpy-stub.o)
 .ARM.attributes
                0x00000000000005af       0x2c c:/st/stm32cubeide_1.11.0/stm32cubeide/plugins/com.st.stm32cube.ide.mcu.externaltools.gnu-tools-for-stm32.10.3-2021.10.win32_1.0.100.202210260954/tools/bin/../lib/gcc/arm-none-eabi/10.3.1/../../../../arm-none-eabi/lib/thumb/v6-m/nofp\libc_nano.a(lib_a-memmove.o)
 .ARM.attributes
                0x00000000000005db       0x2c c:/st/stm32cubeide_1.11.0/stm32cubeide/plugins/com.st.stm32cube.ide.mcu.externaltools.gnu-tools-for-stm32.10.3-2021.10.win32_1.0.100.202210260954/tools/bin/../lib/gcc/arm-none-eabi/10.3.1/../../../../arm-none-eabi/lib/thumb/v6-m/nofp\libc_nano.a(lib_a-nano-freer.o)
 .ARM.attributes
                0x0000000000000607       0x2c c:/st/stm32cubeide_1.11.0/stm32cubeide/plugins/com.st.stm32cube.ide.mcu.externaltools.gnu-tools-for-stm32.10.3-2021.10.win32_1.0.100.202210260954/tools/bin/../lib/gcc/arm-none-eabi/10.3.1/../../../../arm-none-eabi/lib/thumb/v6-m/nofp\libc_nano.a(lib_a-nano-mallocr.o)
 .ARM.attributes
                0x0000000000000633       0x2c c:/st/stm32cubeide_1.11.0/stm32cubeide/plugins/com.st.stm32cube.ide.mcu.externaltools.gnu-tools-for-stm32.10.3-2021.10.win32_1.0.100.202210260954/tools/bin/../lib/gcc/arm-none-eabi/10.3.1/../../../../arm-none-eabi/lib/thumb/v6-m/nofp\libc_nano.a(lib_a-nano-reallocr.o)
 .ARM.attributes
                0x000000000000065f       0x2c c:/st/stm32cubeide_1.11.0/stm32cubeide/plugins/com.st.stm32cube.ide.mcu.externaltools.gnu-tools-for-stm32.10.3-2021.10.win32_1.0.100.202210260954/tools/bin/../lib/gcc/arm-none-eabi/10.3.1/../../../../arm-none-eabi/lib/thumb/v6-m/nofp\libc_nano.a(lib_a-sbrkr.o)
 .ARM.attributes
                0x000000000000068b       0x2c c:/st/stm32cubeide_1.11.0/stm32cubeide/plugins/com.st.stm32cube.ide.mcu.externaltools.gnu-tools-for-stm32.10.3-2021.10.win32_1.0.100.202210260954/tools/bin/../lib/gcc/arm-none-eabi/10.3.1/../../../../arm-none-eabi/lib/thumb/v6-m/nofp\libc_nano.a(lib_a-mlock.o)
 .ARM.attributes
                0x00000000000006b7       0x2c c:/st/stm32cubeide_1.11.0/stm32cubeide/plugins/com.st.stm32cube.ide.mcu.externaltools.gnu-tools-for-stm32.10.3-2021.10.win32_1.0.100.202210260954/tools/bin/../lib/gcc/arm-none-eabi/10.3.1/../../../../arm-none-eabi/lib/thumb/v6-m/nofp\libc_nano.a(lib_a-nano-msizer.o)
 .ARM.attributes
                0x00000000000006e3       0x2c c:/st/stm32cubeide_1.11.0/stm32cubeide/plugins/com.st.stm32cube.ide.mcu.externaltools.gnu-tools-for-stm32.10.3-2021.10.win32_1.0.100.202210260954/tools/bin/../lib/gcc/arm-none-eabi/10.3.1/../../../../arm-none-eabi/lib/thumb/v6-m/nofp\libc_nano.a(lib_a-reent.o)
 .ARM.attributes
                0x000000000000070f       0x2c c:/st/stm32cubeide_1.11.0/stm32cubeide/plugins/com.st.stm32cube.ide.mcu.externaltools.gnu-tools-for-stm32.10.3-2021.10.win32_1.0.100.202210260954/tools/bin/../lib/gcc/arm-none-eabi/10.3.1/../../../../arm-none-eabi/lib/thumb/v6-m/nofp\libc_nano.a(lib_a-lock.o)
 .ARM.attributes
                0x000000000000073b       0x1e c:/st/stm32cubeide_1.11.0/stm32cubeide/plugins/com.st.stm32cube.ide.mcu.externaltools.gnu-tools-for-stm32.10.3-2021.10.win32_1.0.100.202210260954/tools/bin/../lib/gcc/arm-none-eabi/10.3.1/thumb/v6-m/nofp\libgcc.a(_thumb1_case_shi.o)
 .ARM.attributes
                0x0000000000000759       0x1e c:/st/stm32cubeide_1.11.0/stm32cubeide/plugins/com.st.stm32cube.ide.mcu.externaltools.gnu-tools-for-stm32.10.3-2021.10.win32_1.0.100.202210260954/tools/bin/../lib/gcc/arm-none-eabi/10.3.1/thumb/v6-m/nofp\libgcc.a(_udivsi3.o)
 .ARM.attributes
                0x0000000000000777       0x1e c:/st/stm32cubeide_1.11.0/stm32cubeide/plugins/com.st.stm32cube.ide.mcu.externaltools.gnu-tools-for-stm32.10.3-2021.10.win32_1.0.100.202210260954/tools/bin/../lib/gcc/arm-none-eabi/10.3.1/thumb/v6-m/nofp\libgcc.a(_dvmd_tls.o)
 .ARM.attributes
                0x0000000000000795       0x2c c:/st/stm32cubeide_1.11.0/stm32cubeide/plugins/com.st.stm32cube.ide.mcu.externaltools.gnu-tools-for-stm32.10.3-2021.10.win32_1.0.100.202210260954/tools/bin/../lib/gcc/arm-none-eabi/10.3.1/thumb/v6-m/nofp\libgcc.a(addsf3.o)
 .ARM.attributes
                0x00000000000007c1       0x2c c:/st/stm32cubeide_1.11.0/stm32cubeide/plugins/com.st.stm32cube.ide.mcu.externaltools.gnu-tools-for-stm32.10.3-2021.10.win32_1.0.100.202210260954/tools/bin/../lib/gcc/arm-none-eabi/10.3.1/thumb/v6-m/nofp\libgcc.a(mulsf3.o)
 .ARM.attributes
                0x00000000000007ed       0x2c c:/st/stm32cubeide_1.11.0/stm32cubeide/plugins/com.st.stm32cube.ide.mcu.externaltools.gnu-tools-for-stm32.10.3-2021.10.win32_1.0.100.202210260954/tools/bin/../lib/gcc/arm-none-eabi/10.3.1/thumb/v6-m/nofp\libgcc.a(subsf3.o)
 .ARM.attributes
                0x0000000000000819       0x2c c:/st/stm32cubeide_1.11.0/stm32cubeide/plugins/com.st.stm32cube.ide.mcu.externaltools.gnu-tools-for-stm32.10.3-2021.10.win32_1.0.100.202210260954/tools/bin/../lib/gcc/arm-none-eabi/10.3.1/thumb/v6-m/nofp\libgcc.a(fixsfsi.o)
 .ARM.attributes
                0x0000000000000845       0x2c c:/st/stm32cubeide_1.11.0/stm32cubeide/plugins/com.st.stm32cube.ide.mcu.externaltools.gnu-tools-for-stm32.10.3-2021.10.win32_1.0.100.202210260954/tools/bin/../lib/gcc/arm-none-eabi/10.3.1/thumb/v6-m/nofp\libgcc.a(floatsisf.o)
 .ARM.attributes
                0x0000000000000871       0x2c c:/st/stm32cubeide_1.11.0/stm32cubeide/plugins/com.st.stm32cube.ide.mcu.externaltools.gnu-tools-for-stm32.10.3-2021.10.win32_1.0.100.202210260954/tools/bin/../lib/gcc/arm-none-eabi/10.3.1/thumb/v6-m/nofp\libgcc.a(floatunsisf.o)
 .ARM.attributes
                0x000000000000089d       0x1e c:/st/stm32cubeide_1.11.0/stm32cubeide/plugins/com.st.stm32cube.ide.mcu.externaltools.gnu-tools-for-stm32.10.3-2021.10.win32_1.0.100.202210260954/tools/bin/../lib/gcc/arm-none-eabi/10.3.1/thumb/v6-m/nofp\libgcc.a(_clzsi2.o)
 .ARM.attributes
                0x00000000000008bb       0x1e c:/st/stm32cubeide_1.11.0/stm32cubeide/plugins/com.st.stm32cube.ide.mcu.externaltools.gnu-tools-for-stm32.10.3-2021.10.win32_1.0.100.202210260954/tools/bin/../lib/gcc/arm-none-eabi/10.3.1/thumb/v6-m/nofp/crtn.o
OUTPUT(SENSEHAT.elf elf32-littlearm)
LOAD linker stubs
LOAD c:/st/stm32cubeide_1.11.0/stm32cubeide/plugins/com.st.stm32cube.ide.mcu.externaltools.gnu-tools-for-stm32.10.3-2021.10.win32_1.0.100.202210260954/tools/bin/../lib/gcc/arm-none-eabi/10.3.1/../../../../arm-none-eabi/lib/thumb/v6-m/nofp\libc.a
LOAD c:/st/stm32cubeide_1.11.0/stm32cubeide/plugins/com.st.stm32cube.ide.mcu.externaltools.gnu-tools-for-stm32.10.3-2021.10.win32_1.0.100.202210260954/tools/bin/../lib/gcc/arm-none-eabi/10.3.1/../../../../arm-none-eabi/lib/thumb/v6-m/nofp\libm.a
LOAD c:/st/stm32cubeide_1.11.0/stm32cubeide/plugins/com.st.stm32cube.ide.mcu.externaltools.gnu-tools-for-stm32.10.3-2021.10.win32_1.0.100.202210260954/tools/bin/../lib/gcc/arm-none-eabi/10.3.1/thumb/v6-m/nofp\libgcc.a

.debug_info     0x0000000000000000    0x144ca
 .debug_info    0x0000000000000000      0xae5 ./Core/Src/EEPROM.o
 .debug_info    0x0000000000000ae5      0x631 ./Core/Src/ldr.o
 .debug_info    0x0000000000001116     0x2084 ./Core/Src/main.o
 .debug_info    0x000000000000319a      0x66a ./Core/Src/rtc.o
 .debug_info    0x0000000000003804     0x1772 ./Core/Src/stm32f0xx_hal_msp.o
 .debug_info    0x0000000000004f76      0x6ec ./Core/Src/stm32f0xx_it.o
 .debug_info    0x0000000000005662      0x171 ./Core/Src/sysmem.o
 .debug_info    0x00000000000057d3      0x269 ./Core/Src/system_stm32f0xx.o
 .debug_info    0x0000000000005a3c      0x764 ./Core/Src/tmp102.o
 .debug_info    0x00000000000061a0       0x22 ./Core/Startup/startup_stm32f051c6tx.o
 .debug_info    0x00000000000061c2      0x6de ./Drivers/STM32F0xx_HAL_Driver/Src/stm32f0xx_hal.o
 .debug_info    0x00000000000068a0      0xd13 ./Drivers/STM32F0xx_HAL_Driver/Src/stm32f0xx_hal_adc.o
 .debug_info    0x00000000000075b3      0x711 ./Drivers/STM32F0xx_HAL_Driver/Src/stm32f0xx_hal_cortex.o
 .debug_info    0x0000000000007cc4      0x620 ./Drivers/STM32F0xx_HAL_Driver/Src/stm32f0xx_hal_gpio.o
 .debug_info    0x00000000000082e4     0x2266 ./Drivers/STM32F0xx_HAL_Driver/Src/stm32f0xx_hal_i2c.o
 .debug_info    0x000000000000a54a      0x8b4 ./Drivers/STM32F0xx_HAL_Driver/Src/stm32f0xx_hal_i2c_ex.o
 .debug_info    0x000000000000adfe      0x8a3 ./Drivers/STM32F0xx_HAL_Driver/Src/stm32f0xx_hal_rcc.o
 .debug_info    0x000000000000b6a1      0x389 ./Drivers/STM32F0xx_HAL_Driver/Src/stm32f0xx_hal_rcc_ex.o
 .debug_info    0x000000000000ba2a      0xc0c ./Drivers/STM32F0xx_HAL_Driver/Src/stm32f0xx_hal_rtc.o
 .debug_info    0x000000000000c636     0x2ba1 ./Drivers/STM32F0xx_HAL_Driver/Src/stm32f0xx_hal_tim.o
 .debug_info    0x000000000000f1d7     0x15bd ./Drivers/STM32F0xx_HAL_Driver/Src/stm32f0xx_hal_tim_ex.o
 .debug_info    0x0000000000010794     0x3d36 ./Drivers/STM32F0xx_HAL_Driver/Src/stm32f0xx_hal_uart.o

.debug_abbrev   0x0000000000000000     0x29cd
 .debug_abbrev  0x0000000000000000      0x27a ./Core/Src/EEPROM.o
 .debug_abbrev  0x000000000000027a      0x155 ./Core/Src/ldr.o
 .debug_abbrev  0x00000000000003cf      0x33b ./Core/Src/main.o
 .debug_abbrev  0x000000000000070a      0x16f ./Core/Src/rtc.o
 .debug_abbrev  0x0000000000000879      0x231 ./Core/Src/stm32f0xx_hal_msp.o
 .debug_abbrev  0x0000000000000aaa      0x195 ./Core/Src/stm32f0xx_it.o
 .debug_abbrev  0x0000000000000c3f       0xbb ./Core/Src/sysmem.o
 .debug_abbrev  0x0000000000000cfa      0x116 ./Core/Src/system_stm32f0xx.o
 .debug_abbrev  0x0000000000000e10      0x191 ./Core/Src/tmp102.o
 .debug_abbrev  0x0000000000000fa1       0x12 ./Core/Startup/startup_stm32f051c6tx.o
 .debug_abbrev  0x0000000000000fb3      0x23f ./Drivers/STM32F0xx_HAL_Driver/Src/stm32f0xx_hal.o
 .debug_abbrev  0x00000000000011f2      0x203 ./Drivers/STM32F0xx_HAL_Driver/Src/stm32f0xx_hal_adc.o
 .debug_abbrev  0x00000000000013f5      0x283 ./Drivers/STM32F0xx_HAL_Driver/Src/stm32f0xx_hal_cortex.o
 .debug_abbrev  0x0000000000001678      0x1bb ./Drivers/STM32F0xx_HAL_Driver/Src/stm32f0xx_hal_gpio.o
 .debug_abbrev  0x0000000000001833      0x25b ./Drivers/STM32F0xx_HAL_Driver/Src/stm32f0xx_hal_i2c.o
 .debug_abbrev  0x0000000000001a8e      0x1c1 ./Drivers/STM32F0xx_HAL_Driver/Src/stm32f0xx_hal_i2c_ex.o
 .debug_abbrev  0x0000000000001c4f      0x283 ./Drivers/STM32F0xx_HAL_Driver/Src/stm32f0xx_hal_rcc.o
 .debug_abbrev  0x0000000000001ed2      0x169 ./Drivers/STM32F0xx_HAL_Driver/Src/stm32f0xx_hal_rcc_ex.o
 .debug_abbrev  0x000000000000203b      0x1d5 ./Drivers/STM32F0xx_HAL_Driver/Src/stm32f0xx_hal_rtc.o
 .debug_abbrev  0x0000000000002210      0x275 ./Drivers/STM32F0xx_HAL_Driver/Src/stm32f0xx_hal_tim.o
 .debug_abbrev  0x0000000000002485      0x27d ./Drivers/STM32F0xx_HAL_Driver/Src/stm32f0xx_hal_tim_ex.o
 .debug_abbrev  0x0000000000002702      0x2cb ./Drivers/STM32F0xx_HAL_Driver/Src/stm32f0xx_hal_uart.o

.debug_aranges  0x0000000000000000     0x1158
 .debug_aranges
                0x0000000000000000       0x58 ./Core/Src/EEPROM.o
 .debug_aranges
                0x0000000000000058       0x30 ./Core/Src/ldr.o
 .debug_aranges
                0x0000000000000088       0x78 ./Core/Src/main.o
 .debug_aranges
                0x0000000000000100       0x38 ./Core/Src/rtc.o
 .debug_aranges
                0x0000000000000138       0x70 ./Core/Src/stm32f0xx_hal_msp.o
 .debug_aranges
                0x00000000000001a8       0x58 ./Core/Src/stm32f0xx_it.o
 .debug_aranges
                0x0000000000000200       0x20 ./Core/Src/sysmem.o
 .debug_aranges
                0x0000000000000220       0x28 ./Core/Src/system_stm32f0xx.o
 .debug_aranges
                0x0000000000000248       0x28 ./Core/Src/tmp102.o
 .debug_aranges
                0x0000000000000270       0x28 ./Core/Startup/startup_stm32f051c6tx.o
 .debug_aranges
                0x0000000000000298       0xd0 ./Drivers/STM32F0xx_HAL_Driver/Src/stm32f0xx_hal.o
 .debug_aranges
                0x0000000000000368       0xf8 ./Drivers/STM32F0xx_HAL_Driver/Src/stm32f0xx_hal_adc.o
 .debug_aranges
                0x0000000000000460       0xc0 ./Drivers/STM32F0xx_HAL_Driver/Src/stm32f0xx_hal_cortex.o
 .debug_aranges
                0x0000000000000520       0x58 ./Drivers/STM32F0xx_HAL_Driver/Src/stm32f0xx_hal_gpio.o
 .debug_aranges
                0x0000000000000578      0x2a0 ./Drivers/STM32F0xx_HAL_Driver/Src/stm32f0xx_hal_i2c.o
 .debug_aranges
                0x0000000000000818       0x48 ./Drivers/STM32F0xx_HAL_Driver/Src/stm32f0xx_hal_i2c_ex.o
 .debug_aranges
                0x0000000000000860       0x80 ./Drivers/STM32F0xx_HAL_Driver/Src/stm32f0xx_hal_rcc.o
 .debug_aranges
                0x00000000000008e0       0x30 ./Drivers/STM32F0xx_HAL_Driver/Src/stm32f0xx_hal_rcc_ex.o
 .debug_aranges
                0x0000000000000910       0xe8 ./Drivers/STM32F0xx_HAL_Driver/Src/stm32f0xx_hal_rtc.o
 .debug_aranges
                0x00000000000009f8      0x3d0 ./Drivers/STM32F0xx_HAL_Driver/Src/stm32f0xx_hal_tim.o
 .debug_aranges
                0x0000000000000dc8      0x168 ./Drivers/STM32F0xx_HAL_Driver/Src/stm32f0xx_hal_tim_ex.o
 .debug_aranges
                0x0000000000000f30      0x228 ./Drivers/STM32F0xx_HAL_Driver/Src/stm32f0xx_hal_uart.o

.debug_ranges   0x0000000000000000     0x1030
 .debug_ranges  0x0000000000000000       0x48 ./Core/Src/EEPROM.o
 .debug_ranges  0x0000000000000048       0x20 ./Core/Src/ldr.o
 .debug_ranges  0x0000000000000068       0x68 ./Core/Src/main.o
 .debug_ranges  0x00000000000000d0       0x28 ./Core/Src/rtc.o
 .debug_ranges  0x00000000000000f8       0x60 ./Core/Src/stm32f0xx_hal_msp.o
 .debug_ranges  0x0000000000000158       0x48 ./Core/Src/stm32f0xx_it.o
 .debug_ranges  0x00000000000001a0       0x10 ./Core/Src/sysmem.o
 .debug_ranges  0x00000000000001b0       0x18 ./Core/Src/system_stm32f0xx.o
 .debug_ranges  0x00000000000001c8       0x18 ./Core/Src/tmp102.o
 .debug_ranges  0x00000000000001e0       0x20 ./Core/Startup/startup_stm32f051c6tx.o
 .debug_ranges  0x0000000000000200       0xc0 ./Drivers/STM32F0xx_HAL_Driver/Src/stm32f0xx_hal.o
 .debug_ranges  0x00000000000002c0       0xe8 ./Drivers/STM32F0xx_HAL_Driver/Src/stm32f0xx_hal_adc.o
 .debug_ranges  0x00000000000003a8       0xb0 ./Drivers/STM32F0xx_HAL_Driver/Src/stm32f0xx_hal_cortex.o
 .debug_ranges  0x0000000000000458       0x48 ./Drivers/STM32F0xx_HAL_Driver/Src/stm32f0xx_hal_gpio.o
 .debug_ranges  0x00000000000004a0      0x290 ./Drivers/STM32F0xx_HAL_Driver/Src/stm32f0xx_hal_i2c.o
 .debug_ranges  0x0000000000000730       0x38 ./Drivers/STM32F0xx_HAL_Driver/Src/stm32f0xx_hal_i2c_ex.o
 .debug_ranges  0x0000000000000768       0x70 ./Drivers/STM32F0xx_HAL_Driver/Src/stm32f0xx_hal_rcc.o
 .debug_ranges  0x00000000000007d8       0x20 ./Drivers/STM32F0xx_HAL_Driver/Src/stm32f0xx_hal_rcc_ex.o
 .debug_ranges  0x00000000000007f8       0xd8 ./Drivers/STM32F0xx_HAL_Driver/Src/stm32f0xx_hal_rtc.o
 .debug_ranges  0x00000000000008d0      0x3c0 ./Drivers/STM32F0xx_HAL_Driver/Src/stm32f0xx_hal_tim.o
 .debug_ranges  0x0000000000000c90      0x158 ./Drivers/STM32F0xx_HAL_Driver/Src/stm32f0xx_hal_tim_ex.o
 .debug_ranges  0x0000000000000de8      0x248 ./Drivers/STM32F0xx_HAL_Driver/Src/stm32f0xx_hal_uart.o

.debug_macro    0x0000000000000000    0x14448
 .debug_macro   0x0000000000000000      0x2eb ./Core/Src/EEPROM.o
 .debug_macro   0x00000000000002eb      0xa4e ./Core/Src/EEPROM.o
 .debug_macro   0x0000000000000d39       0x16 ./Core/Src/EEPROM.o
 .debug_macro   0x0000000000000d4f       0x22 ./Core/Src/EEPROM.o
 .debug_macro   0x0000000000000d71       0x8e ./Core/Src/EEPROM.o
 .debug_macro   0x0000000000000dff       0x51 ./Core/Src/EEPROM.o
 .debug_macro   0x0000000000000e50      0x103 ./Core/Src/EEPROM.o
 .debug_macro   0x0000000000000f53       0x6a ./Core/Src/EEPROM.o
 .debug_macro   0x0000000000000fbd      0x1df ./Core/Src/EEPROM.o
 .debug_macro   0x000000000000119c      0x13f ./Core/Src/EEPROM.o
 .debug_macro   0x00000000000012db       0x2e ./Core/Src/EEPROM.o
 .debug_macro   0x0000000000001309       0x22 ./Core/Src/EEPROM.o
 .debug_macro   0x000000000000132b       0x1c ./Core/Src/EEPROM.o
 .debug_macro   0x0000000000001347       0x22 ./Core/Src/EEPROM.o
 .debug_macro   0x0000000000001369       0xaf ./Core/Src/EEPROM.o
 .debug_macro   0x0000000000001418      0x391 ./Core/Src/EEPROM.o
 .debug_macro   0x00000000000017a9     0x8d00 ./Core/Src/EEPROM.o
 .debug_macro   0x000000000000a4a9       0x66 ./Core/Src/EEPROM.o
 .debug_macro   0x000000000000a50f     0x34be ./Core/Src/EEPROM.o
 .debug_macro   0x000000000000d9cd      0x174 ./Core/Src/EEPROM.o
 .debug_macro   0x000000000000db41       0x55 ./Core/Src/EEPROM.o
 .debug_macro   0x000000000000db96      0x924 ./Core/Src/EEPROM.o
 .debug_macro   0x000000000000e4ba      0x251 ./Core/Src/EEPROM.o
 .debug_macro   0x000000000000e70b      0x1ae ./Core/Src/EEPROM.o
 .debug_macro   0x000000000000e8b9      0x114 ./Core/Src/EEPROM.o
 .debug_macro   0x000000000000e9cd      0x1a0 ./Core/Src/EEPROM.o
 .debug_macro   0x000000000000eb6d      0x1ed ./Core/Src/EEPROM.o
 .debug_macro   0x000000000000ed5a       0x34 ./Core/Src/EEPROM.o
 .debug_macro   0x000000000000ed8e       0x43 ./Core/Src/EEPROM.o
 .debug_macro   0x000000000000edd1       0x28 ./Core/Src/EEPROM.o
 .debug_macro   0x000000000000edf9      0x33d ./Core/Src/EEPROM.o
 .debug_macro   0x000000000000f136       0xd4 ./Core/Src/EEPROM.o
 .debug_macro   0x000000000000f20a       0xb0 ./Core/Src/EEPROM.o
 .debug_macro   0x000000000000f2ba      0x199 ./Core/Src/EEPROM.o
 .debug_macro   0x000000000000f453      0x22c ./Core/Src/EEPROM.o
 .debug_macro   0x000000000000f67f       0x61 ./Core/Src/EEPROM.o
 .debug_macro   0x000000000000f6e0       0xa5 ./Core/Src/EEPROM.o
 .debug_macro   0x000000000000f785       0x4c ./Core/Src/EEPROM.o
 .debug_macro   0x000000000000f7d1      0x112 ./Core/Src/EEPROM.o
 .debug_macro   0x000000000000f8e3      0x2bf ./Core/Src/EEPROM.o
 .debug_macro   0x000000000000fba2      0x301 ./Core/Src/EEPROM.o
 .debug_macro   0x000000000000fea3       0xeb ./Core/Src/EEPROM.o
 .debug_macro   0x000000000000ff8e      0x8f4 ./Core/Src/EEPROM.o
 .debug_macro   0x0000000000010882       0x28 ./Core/Src/EEPROM.o
 .debug_macro   0x00000000000108aa      0x5ba ./Core/Src/EEPROM.o
 .debug_macro   0x0000000000010e64       0x3e ./Core/Src/EEPROM.o
 .debug_macro   0x0000000000010ea2      0x114 ./Core/Src/EEPROM.o
 .debug_macro   0x0000000000010fb6       0x52 ./Core/Src/EEPROM.o
 .debug_macro   0x0000000000011008       0x18 ./Core/Src/EEPROM.o
 .debug_macro   0x0000000000011020       0x3c ./Core/Src/EEPROM.o
 .debug_macro   0x000000000001105c       0x34 ./Core/Src/EEPROM.o
 .debug_macro   0x0000000000011090       0x16 ./Core/Src/EEPROM.o
 .debug_macro   0x00000000000110a6       0x43 ./Core/Src/EEPROM.o
 .debug_macro   0x00000000000110e9       0x34 ./Core/Src/EEPROM.o
 .debug_macro   0x000000000001111d       0x10 ./Core/Src/EEPROM.o
 .debug_macro   0x000000000001112d       0x58 ./Core/Src/EEPROM.o
 .debug_macro   0x0000000000011185       0x71 ./Core/Src/EEPROM.o
 .debug_macro   0x00000000000111f6       0x1c ./Core/Src/EEPROM.o
 .debug_macro   0x0000000000011212      0x12a ./Core/Src/EEPROM.o
 .debug_macro   0x000000000001133c      0x341 ./Core/Src/EEPROM.o
 .debug_macro   0x000000000001167d      0x19b ./Core/Src/EEPROM.o
 .debug_macro   0x0000000000011818       0x16 ./Core/Src/EEPROM.o
 .debug_macro   0x000000000001182e       0x35 ./Core/Src/EEPROM.o
 .debug_macro   0x0000000000011863       0x20 ./Core/Src/EEPROM.o
 .debug_macro   0x0000000000011883      0x1f9 ./Core/Src/ldr.o
 .debug_macro   0x0000000000011a7c      0x309 ./Core/Src/main.o
 .debug_macro   0x0000000000011d85       0x28 ./Core/Src/main.o
 .debug_macro   0x0000000000011dad       0x10 ./Core/Src/main.o
 .debug_macro   0x0000000000011dbd       0x22 ./Core/Src/main.o
 .debug_macro   0x0000000000011ddf      0x1f9 ./Core/Src/rtc.o
 .debug_macro   0x0000000000011fd8      0x1f9 ./Core/Src/stm32f0xx_hal_msp.o
 .debug_macro   0x00000000000121d1      0x203 ./Core/Src/stm32f0xx_it.o
 .debug_macro   0x00000000000123d4       0xff ./Core/Src/sysmem.o
 .debug_macro   0x00000000000124d3      0x23b ./Core/Src/sysmem.o
 .debug_macro   0x000000000001270e      0x1ef ./Core/Src/system_stm32f0xx.o
 .debug_macro   0x00000000000128fd      0x2a9 ./Core/Src/tmp102.o
 .debug_macro   0x0000000000012ba6       0x22 ./Core/Src/tmp102.o
 .debug_macro   0x0000000000012bc8      0x213 ./Drivers/STM32F0xx_HAL_Driver/Src/stm32f0xx_hal.o
 .debug_macro   0x0000000000012ddb      0x213 ./Drivers/STM32F0xx_HAL_Driver/Src/stm32f0xx_hal_adc.o
 .debug_macro   0x0000000000012fee      0x1ef ./Drivers/STM32F0xx_HAL_Driver/Src/stm32f0xx_hal_cortex.o
 .debug_macro   0x00000000000131dd      0x1f6 ./Drivers/STM32F0xx_HAL_Driver/Src/stm32f0xx_hal_gpio.o
 .debug_macro   0x00000000000133d3      0x2bb ./Drivers/STM32F0xx_HAL_Driver/Src/stm32f0xx_hal_i2c.o
 .debug_macro   0x000000000001368e      0x1ef ./Drivers/STM32F0xx_HAL_Driver/Src/stm32f0xx_hal_i2c_ex.o
 .debug_macro   0x000000000001387d      0x201 ./Drivers/STM32F0xx_HAL_Driver/Src/stm32f0xx_hal_rcc.o
 .debug_macro   0x0000000000013a7e      0x1ef ./Drivers/STM32F0xx_HAL_Driver/Src/stm32f0xx_hal_rcc_ex.o
 .debug_macro   0x0000000000013c6d      0x1f0 ./Drivers/STM32F0xx_HAL_Driver/Src/stm32f0xx_hal_rtc.o
 .debug_macro   0x0000000000013e5d      0x1f0 ./Drivers/STM32F0xx_HAL_Driver/Src/stm32f0xx_hal_tim.o
 .debug_macro   0x000000000001404d      0x1ef ./Drivers/STM32F0xx_HAL_Driver/Src/stm32f0xx_hal_tim_ex.o
 .debug_macro   0x000000000001423c      0x20c ./Drivers/STM32F0xx_HAL_Driver/Src/stm32f0xx_hal_uart.o

.debug_line     0x0000000000000000    0x1635c
 .debug_line    0x0000000000000000      0xab5 ./Core/Src/EEPROM.o
 .debug_line    0x0000000000000ab5      0x775 ./Core/Src/ldr.o
 .debug_line    0x000000000000122a      0xc88 ./Core/Src/main.o
 .debug_line    0x0000000000001eb2      0x7c0 ./Core/Src/rtc.o
 .debug_line    0x0000000000002672      0x896 ./Core/Src/stm32f0xx_hal_msp.o
 .debug_line    0x0000000000002f08      0x7ee ./Core/Src/stm32f0xx_it.o
 .debug_line    0x00000000000036f6      0x4f4 ./Core/Src/sysmem.o
 .debug_line    0x0000000000003bea      0x7b1 ./Core/Src/system_stm32f0xx.o
 .debug_line    0x000000000000439b      0x8bd ./Core/Src/tmp102.o
 .debug_line    0x0000000000004c58       0x89 ./Core/Startup/startup_stm32f051c6tx.o
 .debug_line    0x0000000000004ce1      0x9bc ./Drivers/STM32F0xx_HAL_Driver/Src/stm32f0xx_hal.o
 .debug_line    0x000000000000569d     0x120e ./Drivers/STM32F0xx_HAL_Driver/Src/stm32f0xx_hal_adc.o
 .debug_line    0x00000000000068ab      0xa68 ./Drivers/STM32F0xx_HAL_Driver/Src/stm32f0xx_hal_cortex.o
 .debug_line    0x0000000000007313      0xb37 ./Drivers/STM32F0xx_HAL_Driver/Src/stm32f0xx_hal_gpio.o
 .debug_line    0x0000000000007e4a     0x37c8 ./Drivers/STM32F0xx_HAL_Driver/Src/stm32f0xx_hal_i2c.o
 .debug_line    0x000000000000b612      0x95f ./Drivers/STM32F0xx_HAL_Driver/Src/stm32f0xx_hal_i2c_ex.o
 .debug_line    0x000000000000bf71      0xda4 ./Drivers/STM32F0xx_HAL_Driver/Src/stm32f0xx_hal_rcc.o
 .debug_line    0x000000000000cd15      0x962 ./Drivers/STM32F0xx_HAL_Driver/Src/stm32f0xx_hal_rcc_ex.o
 .debug_line    0x000000000000d677     0x103c ./Drivers/STM32F0xx_HAL_Driver/Src/stm32f0xx_hal_rtc.o
 .debug_line    0x000000000000e6b3     0x3701 ./Drivers/STM32F0xx_HAL_Driver/Src/stm32f0xx_hal_tim.o
 .debug_line    0x0000000000011db4     0x1960 ./Drivers/STM32F0xx_HAL_Driver/Src/stm32f0xx_hal_tim_ex.o
 .debug_line    0x0000000000013714     0x2c48 ./Drivers/STM32F0xx_HAL_Driver/Src/stm32f0xx_hal_uart.o

.debug_str      0x0000000000000000    0x79e7a
 .debug_str     0x0000000000000000    0x74d97 ./Core/Src/EEPROM.o
                                      0x75126 (size before relaxing)
 .debug_str     0x0000000000074d97      0x1fc ./Core/Src/ldr.o
                                      0x718b4 (size before relaxing)
 .debug_str     0x0000000000074f93      0xef0 ./Core/Src/main.o
                                      0x7627e (size before relaxing)
 .debug_str     0x0000000000075e83       0x32 ./Core/Src/rtc.o
                                      0x717c1 (size before relaxing)
 .debug_str     0x0000000000075eb5      0x11b ./Core/Src/stm32f0xx_hal_msp.o
                                      0x72509 (size before relaxing)
 .debug_str     0x0000000000075fd0       0xe5 ./Core/Src/stm32f0xx_it.o
                                      0x71a2c (size before relaxing)
 .debug_str     0x00000000000760b5      0x4da ./Core/Src/sysmem.o
                                       0x5cdc (size before relaxing)
 .debug_str     0x000000000007658f       0x8b ./Core/Src/system_stm32f0xx.o
                                      0x7155f (size before relaxing)
 .debug_str     0x000000000007661a       0x3a ./Core/Src/tmp102.o
                                      0x75032 (size before relaxing)
 .debug_str     0x0000000000076654       0x36 ./Core/Startup/startup_stm32f051c6tx.o
                                         0xa6 (size before relaxing)
 .debug_str     0x000000000007668a      0x37a ./Drivers/STM32F0xx_HAL_Driver/Src/stm32f0xx_hal.o
                                      0x71b25 (size before relaxing)
 .debug_str     0x0000000000076a04      0x33b ./Drivers/STM32F0xx_HAL_Driver/Src/stm32f0xx_hal_adc.o
                                      0x71c6c (size before relaxing)
 .debug_str     0x0000000000076d3f      0x183 ./Drivers/STM32F0xx_HAL_Driver/Src/stm32f0xx_hal_cortex.o
                                      0x71916 (size before relaxing)
 .debug_str     0x0000000000076ec2      0x107 ./Drivers/STM32F0xx_HAL_Driver/Src/stm32f0xx_hal_gpio.o
                                      0x71700 (size before relaxing)
 .debug_str     0x0000000000076fc9      0xe16 ./Drivers/STM32F0xx_HAL_Driver/Src/stm32f0xx_hal_i2c.o
                                      0x728c0 (size before relaxing)
 .debug_str     0x0000000000077ddf       0xb8 ./Drivers/STM32F0xx_HAL_Driver/Src/stm32f0xx_hal_i2c_ex.o
                                      0x71ae7 (size before relaxing)
 .debug_str     0x0000000000077e97      0x20f ./Drivers/STM32F0xx_HAL_Driver/Src/stm32f0xx_hal_rcc.o
                                      0x7199b (size before relaxing)
 .debug_str     0x00000000000780a6       0x97 ./Drivers/STM32F0xx_HAL_Driver/Src/stm32f0xx_hal_rcc_ex.o
                                      0x716ba (size before relaxing)
 .debug_str     0x000000000007813d      0x26d ./Drivers/STM32F0xx_HAL_Driver/Src/stm32f0xx_hal_rtc.o
                                      0x71a51 (size before relaxing)
 .debug_str     0x00000000000783aa      0xdd9 ./Drivers/STM32F0xx_HAL_Driver/Src/stm32f0xx_hal_tim.o
                                      0x72965 (size before relaxing)
 .debug_str     0x0000000000079183      0x493 ./Drivers/STM32F0xx_HAL_Driver/Src/stm32f0xx_hal_tim_ex.o
                                      0x72181 (size before relaxing)
 .debug_str     0x0000000000079616      0x864 ./Drivers/STM32F0xx_HAL_Driver/Src/stm32f0xx_hal_uart.o
                                      0x722c3 (size before relaxing)

.comment        0x0000000000000000       0x50
 .comment       0x0000000000000000       0x50 ./Core/Src/EEPROM.o
                                         0x51 (size before relaxing)
 .comment       0x0000000000000050       0x51 ./Core/Src/ldr.o
 .comment       0x0000000000000050       0x51 ./Core/Src/main.o
 .comment       0x0000000000000050       0x51 ./Core/Src/rtc.o
 .comment       0x0000000000000050       0x51 ./Core/Src/stm32f0xx_hal_msp.o
 .comment       0x0000000000000050       0x51 ./Core/Src/stm32f0xx_it.o
 .comment       0x0000000000000050       0x51 ./Core/Src/sysmem.o
 .comment       0x0000000000000050       0x51 ./Core/Src/system_stm32f0xx.o
 .comment       0x0000000000000050       0x51 ./Core/Src/tmp102.o
 .comment       0x0000000000000050       0x51 ./Drivers/STM32F0xx_HAL_Driver/Src/stm32f0xx_hal.o
 .comment       0x0000000000000050       0x51 ./Drivers/STM32F0xx_HAL_Driver/Src/stm32f0xx_hal_adc.o
 .comment       0x0000000000000050       0x51 ./Drivers/STM32F0xx_HAL_Driver/Src/stm32f0xx_hal_cortex.o
 .comment       0x0000000000000050       0x51 ./Drivers/STM32F0xx_HAL_Driver/Src/stm32f0xx_hal_gpio.o
 .comment       0x0000000000000050       0x51 ./Drivers/STM32F0xx_HAL_Driver/Src/stm32f0xx_hal_i2c.o
 .comment       0x0000000000000050       0x51 ./Drivers/STM32F0xx_HAL_Driver/Src/stm32f0xx_hal_i2c_ex.o
 .comment       0x0000000000000050       0x51 ./Drivers/STM32F0xx_HAL_Driver/Src/stm32f0xx_hal_rcc.o
 .comment       0x0000000000000050       0x51 ./Drivers/STM32F0xx_HAL_Driver/Src/stm32f0xx_hal_rcc_ex.o
 .comment       0x0000000000000050       0x51 ./Drivers/STM32F0xx_HAL_Driver/Src/stm32f0xx_hal_rtc.o
 .comment       0x0000000000000050       0x51 ./Drivers/STM32F0xx_HAL_Driver/Src/stm32f0xx_hal_tim.o
 .comment       0x0000000000000050       0x51 ./Drivers/STM32F0xx_HAL_Driver/Src/stm32f0xx_hal_tim_ex.o
 .comment       0x0000000000000050       0x51 ./Drivers/STM32F0xx_HAL_Driver/Src/stm32f0xx_hal_uart.o

.debug_frame    0x0000000000000000     0x4374
 .debug_frame   0x0000000000000000      0x11c ./Core/Src/EEPROM.o
 .debug_frame   0x000000000000011c       0x6c ./Core/Src/ldr.o
 .debug_frame   0x0000000000000188      0x18c ./Core/Src/main.o
 .debug_frame   0x0000000000000314       0x94 ./Core/Src/rtc.o
 .debug_frame   0x00000000000003a8      0x170 ./Core/Src/stm32f0xx_hal_msp.o
 .debug_frame   0x0000000000000518       0xf0 ./Core/Src/stm32f0xx_it.o
 .debug_frame   0x0000000000000608       0x30 ./Core/Src/sysmem.o
 .debug_frame   0x0000000000000638       0x4c ./Core/Src/system_stm32f0xx.o
 .debug_frame   0x0000000000000684       0x50 ./Core/Src/tmp102.o
 .debug_frame   0x00000000000006d4      0x2a4 ./Drivers/STM32F0xx_HAL_Driver/Src/stm32f0xx_hal.o
 .debug_frame   0x0000000000000978      0x3a0 ./Drivers/STM32F0xx_HAL_Driver/Src/stm32f0xx_hal_adc.o
 .debug_frame   0x0000000000000d18      0x2a0 ./Drivers/STM32F0xx_HAL_Driver/Src/stm32f0xx_hal_cortex.o
 .debug_frame   0x0000000000000fb8      0x110 ./Drivers/STM32F0xx_HAL_Driver/Src/stm32f0xx_hal_gpio.o
 .debug_frame   0x00000000000010c8      0xa64 ./Drivers/STM32F0xx_HAL_Driver/Src/stm32f0xx_hal_i2c.o
 .debug_frame   0x0000000000001b2c       0xd0 ./Drivers/STM32F0xx_HAL_Driver/Src/stm32f0xx_hal_i2c_ex.o
 .debug_frame   0x0000000000001bfc      0x198 ./Drivers/STM32F0xx_HAL_Driver/Src/stm32f0xx_hal_rcc.o
 .debug_frame   0x0000000000001d94       0x70 ./Drivers/STM32F0xx_HAL_Driver/Src/stm32f0xx_hal_rcc_ex.o
 .debug_frame   0x0000000000001e04      0x360 ./Drivers/STM32F0xx_HAL_Driver/Src/stm32f0xx_hal_rtc.o
 .debug_frame   0x0000000000002164      0xf00 ./Drivers/STM32F0xx_HAL_Driver/Src/stm32f0xx_hal_tim.o
 .debug_frame   0x0000000000003064      0x560 ./Drivers/STM32F0xx_HAL_Driver/Src/stm32f0xx_hal_tim_ex.o
 .debug_frame   0x00000000000035c4      0x850 ./Drivers/STM32F0xx_HAL_Driver/Src/stm32f0xx_hal_uart.o
 .debug_frame   0x0000000000003e14       0x20 c:/st/stm32cubeide_1.11.0/stm32cubeide/plugins/com.st.stm32cube.ide.mcu.externaltools.gnu-tools-for-stm32.10.3-2021.10.win32_1.0.100.202210260954/tools/bin/../lib/gcc/arm-none-eabi/10.3.1/../../../../arm-none-eabi/lib/thumb/v6-m/nofp\libc_nano.a(lib_a-errno.o)
 .debug_frame   0x0000000000003e34       0x2c c:/st/stm32cubeide_1.11.0/stm32cubeide/plugins/com.st.stm32cube.ide.mcu.externaltools.gnu-tools-for-stm32.10.3-2021.10.win32_1.0.100.202210260954/tools/bin/../lib/gcc/arm-none-eabi/10.3.1/../../../../arm-none-eabi/lib/thumb/v6-m/nofp\libc_nano.a(lib_a-init.o)
 .debug_frame   0x0000000000003e60       0x20 c:/st/stm32cubeide_1.11.0/stm32cubeide/plugins/com.st.stm32cube.ide.mcu.externaltools.gnu-tools-for-stm32.10.3-2021.10.win32_1.0.100.202210260954/tools/bin/../lib/gcc/arm-none-eabi/10.3.1/../../../../arm-none-eabi/lib/thumb/v6-m/nofp\libc_nano.a(lib_a-memset.o)
 .debug_frame   0x0000000000003e80       0x48 c:/st/stm32cubeide_1.11.0/stm32cubeide/plugins/com.st.stm32cube.ide.mcu.externaltools.gnu-tools-for-stm32.10.3-2021.10.win32_1.0.100.202210260954/tools/bin/../lib/gcc/arm-none-eabi/10.3.1/../../../../arm-none-eabi/lib/thumb/v6-m/nofp\libc_nano.a(lib_a-sprintf.o)